Archive member included to satisfy reference by file (symbol)

/home/mio/Desktop/catos/workspace/gcc-arm-none-eabi-10-2020-q4-major/bin/../lib/gcc/arm-none-eabi/10.2.1/../../../../arm-none-eabi/lib/thumb/nofp/libc_nano.a(lib_a-memset.o)
                              output/edf_demo/obj/catOS/src/cat_task.o (memset)

Discarded input sections

 .text          0x0000000000000000        0x0 output/edf_demo/obj/catOS/src/cat_lib.o
 .data          0x0000000000000000        0x0 output/edf_demo/obj/catOS/src/cat_lib.o
 .bss           0x0000000000000000        0x0 output/edf_demo/obj/catOS/src/cat_lib.o
 .text          0x0000000000000000        0x0 output/edf_demo/obj/catOS/src/cat_sem.o
 .data          0x0000000000000000        0x0 output/edf_demo/obj/catOS/src/cat_sem.o
 .bss           0x0000000000000000        0x0 output/edf_demo/obj/catOS/src/cat_sem.o
 .text.cat_sem_no_wait_get
                0x0000000000000000       0x44 output/edf_demo/obj/catOS/src/cat_sem.o
 .text.cat_sem_get_info
                0x0000000000000000       0x3c output/edf_demo/obj/catOS/src/cat_sem.o
 .text.cat_sem_destroy
                0x0000000000000000       0x3c output/edf_demo/obj/catOS/src/cat_sem.o
 .text          0x0000000000000000        0x0 output/edf_demo/obj/catOS/src/cat_event.o
 .data          0x0000000000000000        0x0 output/edf_demo/obj/catOS/src/cat_event.o
 .bss           0x0000000000000000        0x0 output/edf_demo/obj/catOS/src/cat_event.o
 .text.cat_event_wakeup
                0x0000000000000000       0x66 output/edf_demo/obj/catOS/src/cat_event.o
 .text.cat_event_remove_all
                0x0000000000000000       0x7e output/edf_demo/obj/catOS/src/cat_event.o
 .text          0x0000000000000000        0x0 output/edf_demo/obj/catOS/src/support/cat_support.o
 .data          0x0000000000000000        0x0 output/edf_demo/obj/catOS/src/support/cat_support.o
 .bss           0x0000000000000000        0x0 output/edf_demo/obj/catOS/src/support/cat_support.o
 .text.cat_strcpy
                0x0000000000000000       0x7c output/edf_demo/obj/catOS/src/support/cat_support.o
 .text.cat_itoa
                0x0000000000000000       0x1a output/edf_demo/obj/catOS/src/support/cat_support.o
 .text          0x0000000000000000        0x0 output/edf_demo/obj/catOS/src/drivers/uart/cat_uart.o
 .data          0x0000000000000000        0x0 output/edf_demo/obj/catOS/src/drivers/uart/cat_uart.o
 .bss           0x0000000000000000        0x0 output/edf_demo/obj/catOS/src/drivers/uart/cat_uart.o
 .text.cat_uart_receive
                0x0000000000000000       0x24 output/edf_demo/obj/catOS/src/drivers/uart/cat_uart.o
 .text.cat_uart_transmit_byte
                0x0000000000000000       0x18 output/edf_demo/obj/catOS/src/drivers/uart/cat_uart.o
 .text.cat_uart_receive_byte
                0x0000000000000000       0x18 output/edf_demo/obj/catOS/src/drivers/uart/cat_uart.o
 .text          0x0000000000000000        0x0 output/edf_demo/obj/catOS/src/cat_timer.o
 .data          0x0000000000000000        0x0 output/edf_demo/obj/catOS/src/cat_timer.o
 .bss           0x0000000000000000        0x0 output/edf_demo/obj/catOS/src/cat_timer.o
 .text.cat_timer_init
                0x0000000000000000       0x5a output/edf_demo/obj/catOS/src/cat_timer.o
 .text.cat_timer_start
                0x0000000000000000       0x88 output/edf_demo/obj/catOS/src/cat_timer.o
 .text.cat_timer_stop
                0x0000000000000000       0x70 output/edf_demo/obj/catOS/src/cat_timer.o
 .text.cat_timer_destroy_timer
                0x0000000000000000       0x1e output/edf_demo/obj/catOS/src/cat_timer.o
 .text.cat_timer_get_info
                0x0000000000000000       0x50 output/edf_demo/obj/catOS/src/cat_timer.o
 .text          0x0000000000000000        0x0 output/edf_demo/obj/catOS/src/cat_time.o
 .data          0x0000000000000000        0x0 output/edf_demo/obj/catOS/src/cat_time.o
 .bss           0x0000000000000000        0x0 output/edf_demo/obj/catOS/src/cat_time.o
 .text.cat_task_time_remove
                0x0000000000000000       0x20 output/edf_demo/obj/catOS/src/cat_time.o
 .text          0x0000000000000000        0x0 output/edf_demo/obj/catOS/src/cat_list.o
 .data          0x0000000000000000        0x0 output/edf_demo/obj/catOS/src/cat_list.o
 .bss           0x0000000000000000        0x0 output/edf_demo/obj/catOS/src/cat_list.o
 .text.cat_list_last
                0x0000000000000000       0x26 output/edf_demo/obj/catOS/src/cat_list.o
 .text.cat_list_pre
                0x0000000000000000       0x26 output/edf_demo/obj/catOS/src/cat_list.o
 .text.cat_list_next
                0x0000000000000000       0x26 output/edf_demo/obj/catOS/src/cat_list.o
 .text.cat_list_remove_all
                0x0000000000000000       0x54 output/edf_demo/obj/catOS/src/cat_list.o
 .text.cat_list_insert_after
                0x0000000000000000       0x3c output/edf_demo/obj/catOS/src/cat_list.o
 .text          0x0000000000000000        0x0 output/edf_demo/obj/catOS/src/catos.o
[...]
Memory Configuration

Name             Origin             Length             Attributes
FLASH            0x0000000008000000 0x0000000000080000 xr
RAM              0x0000000020000000 0x0000000000010000 xrw
*default*        0x0000000000000000 0xffffffffffffffff

Linker script and memory map

                0x0000000000000400                _Min_Heap_Size = 0x400
                0x0000000000000800                _Min_Stack_Size = 0x800

.isr_vector     0x0000000008000000      0x1e4
                0x0000000008000000                . = ALIGN (0x4)
 *(.isr_vector)
 .isr_vector    0x0000000008000000      0x1e4 output/edf_demo/obj/catOS/user/st_vet6_start.o
                0x0000000008000000                g_pfnVectors
                0x00000000080001e4                . = ALIGN (0x4)

.text           0x00000000080001e4     0x3448
                0x00000000080001e4                . = ALIGN (0x4)
                0x00000000080001e4                _stext = .
 *(.text)
 .text          0x00000000080001e4       0x30 output/edf_demo/obj/catOS/port/arm/stm32f103vet6_hal/port_asm.o
                0x00000000080001e4                PendSV_Handler
 *(.text*)
 .text.cat_bitmap_get_wide
                0x0000000008000214        0xe output/edf_demo/obj/catOS/src/cat_lib.o
                0x0000000008000214                cat_bitmap_get_wide
 .text.cat_bitmap_init
                0x0000000008000222       0x18 output/edf_demo/obj/catOS/src/cat_lib.o
                0x0000000008000222                cat_bitmap_init
 .text.cat_bitmap_set
                0x000000000800023a       0x26 output/edf_demo/obj/catOS/src/cat_lib.o
                0x000000000800023a                cat_bitmap_set
 .text.cat_bitmap_clr
                0x0000000008000260       0x28 output/edf_demo/obj/catOS/src/cat_lib.o
                0x0000000008000260                cat_bitmap_clr
 .text.cat_bitmap_get_first_set
                0x0000000008000288       0x84 output/edf_demo/obj/catOS/src/cat_lib.o
                0x0000000008000288                cat_bitmap_get_first_set
 .text.cat_sem_init
                0x000000000800030c       0x40 output/edf_demo/obj/catOS/src/cat_sem.o
                0x000000000800030c                cat_sem_init
 .text.cat_sem_wait
                0x000000000800034c       0x64 output/edf_demo/obj/catOS/src/cat_sem.o
                0x000000000800034c                cat_sem_wait
 .text.cat_sem_notify
                0x00000000080003b0       0x7c output/edf_demo/obj/catOS/src/cat_sem.o
                0x00000000080003b0                cat_sem_notify
 .text.cat_event_init
                0x000000000800042c       0x24 output/edf_demo/obj/catOS/src/cat_event.o
                0x000000000800042c                cat_event_init
 .text.cat_event_wait
                0x0000000008000450       0x66 output/edf_demo/obj/catOS/src/cat_event.o
                0x0000000008000450                cat_event_wait
 .text.cat_event_wakeup_first
                0x00000000080004b6       0x70 output/edf_demo/obj/catOS/src/cat_event.o
                0x00000000080004b6                cat_event_wakeup_first
 .text.cat_event_remove_task
                0x0000000008000526       0x50 output/edf_demo/obj/catOS/src/cat_event.o
                0x0000000008000526                cat_event_remove_task
 .text.cat_event_wait_count
                0x0000000008000576       0x2a output/edf_demo/obj/catOS/src/cat_event.o
                0x0000000008000576                cat_event_wait_count
 .text.cat_strcmp
                0x00000000080005a0       0x70 output/edf_demo/obj/catOS/src/support/cat_support.o
                0x00000000080005a0                cat_strcmp
 .text.cat_atoi
                0x0000000008000610       0xc0 output/edf_demo/obj/catOS/src/support/cat_support.o
                0x0000000008000610                cat_atoi
 .text.cat_uart_init
                0x00000000080006d0       0x24 output/edf_demo/obj/catOS/src/drivers/uart/cat_uart.o
                0x00000000080006d0                cat_uart_init
 .text.cat_uart_transmit
                0x00000000080006f4       0x24 output/edf_demo/obj/catOS/src/drivers/uart/cat_uart.o
                0x00000000080006f4                cat_uart_transmit
 .text.cat_timer_soft_task
                0x0000000008000718       0x34 output/edf_demo/obj/catOS/src/cat_timer.o
 .text.cat_timer_call_func_list
                0x000000000800074c       0x86 output/edf_demo/obj/catOS/src/cat_timer.o
 *fill*         0x00000000080007d2        0x2 
 .text.cat_timer_module_init
                0x00000000080007d4       0x38 output/edf_demo/obj/catOS/src/cat_timer.o
                0x00000000080007d4                cat_timer_module_init
 .text.cat_timer_task_init
                0x000000000800080c       0x3c output/edf_demo/obj/catOS/src/cat_timer.o
                0x000000000800080c                cat_timer_task_init
 .text.cat_timer_module_tick_come_notify
                0x0000000008000848       0x30 output/edf_demo/obj/catOS/src/cat_timer.o
                0x0000000008000848                cat_timer_module_tick_come_notify
 .text.cat_get_ticks
                0x0000000008000878       0x20 output/edf_demo/obj/catOS/src/cat_time.o
                0x0000000008000878                cat_get_ticks
 .text.cat_task_delay
                0x0000000008000898       0x3c output/edf_demo/obj/catOS/src/cat_time.o
                0x0000000008000898                cat_task_delay
 .text.cat_task_delayed_init
                0x00000000080008d4       0x14 output/edf_demo/obj/catOS/src/cat_time.o
                0x00000000080008d4                cat_task_delayed_init
 .text.cat_task_time_wait
                0x00000000080008e8       0x34 output/edf_demo/obj/catOS/src/cat_time.o
                0x00000000080008e8                cat_task_time_wait
 .text.cat_task_time_wakeup
                0x000000000800091c       0x2c output/edf_demo/obj/catOS/src/cat_time.o
                0x000000000800091c                cat_task_time_wakeup
 .text.do_get_ticks
                0x0000000008000948       0x30 output/edf_demo/obj/catOS/src/cat_time.o
                0x0000000008000948                do_get_ticks
 .text.cat_node_init
                0x0000000008000978       0x1e output/edf_demo/obj/catOS/src/cat_list.o
                0x0000000008000978                cat_node_init
 .text.cat_list_init
                0x0000000008000996       0x24 output/edf_demo/obj/catOS/src/cat_list.o
                0x0000000008000996                cat_list_init
 .text.cat_list_count
                0x00000000080009ba       0x16 output/edf_demo/obj/catOS/src/cat_list.o
                0x00000000080009ba                cat_list_count
 .text.cat_list_first
                0x00000000080009d0       0x26 output/edf_demo/obj/catOS/src/cat_list.o
                0x00000000080009d0                cat_list_first
 .text.cat_list_add_first
                0x00000000080009f6       0x3e output/edf_demo/obj/catOS/src/cat_list.o
                0x00000000080009f6                cat_list_add_first
 .text.cat_list_add_last
                0x0000000008000a34       0x3a output/edf_demo/obj/catOS/src/cat_list.o
                0x0000000008000a34                cat_list_add_last
 .text.cat_list_remove_first
                0x0000000008000a6e       0x40 output/edf_demo/obj/catOS/src/cat_list.o
                0x0000000008000a6e                cat_list_remove_first
 .text.cat_list_remove
                0x0000000008000aae       0x32 output/edf_demo/obj/catOS/src/cat_list.o
                0x0000000008000aae                cat_list_remove
 .text.catos_init
                0x0000000008000ae0       0x20 output/edf_demo/obj/catOS/src/catos.o
                0x0000000008000ae0                catos_init
 .text.cat_task_systemtick_handler
                0x0000000008000b00      0x134 output/edf_demo/obj/catOS/src/catos.o
                0x0000000008000b00                cat_task_systemtick_handler
 .text._cat_print_string
                0x0000000008000c34       0x3c output/edf_demo/obj/catOS/src/components/cat_stdio/cat_stdio.o
 .text._cat_print_error
                0x0000000008000c70       0x50 output/edf_demo/obj/catOS/src/components/cat_stdio/cat_stdio.o
 .text._cat_print_int
                0x0000000008000cc0       0xc8 output/edf_demo/obj/catOS/src/components/cat_stdio/cat_stdio.o
 .text.cat_getchar
                0x0000000008000d88       0x1c output/edf_demo/obj/catOS/src/components/cat_stdio/cat_stdio.o
                0x0000000008000d88                cat_getchar
 .text.cat_putchar
                0x0000000008000da4       0x1c output/edf_demo/obj/catOS/src/components/cat_stdio/cat_stdio.o
                0x0000000008000da4                cat_putchar
 .text.cat_printf
                0x0000000008000dc0      0x116 output/edf_demo/obj/catOS/src/components/cat_stdio/cat_stdio.o
                0x0000000008000dc0                cat_printf
 *fill*         0x0000000008000ed6        0x2 
 .text.backspace_action
                0x0000000008000ed8       0x38 output/edf_demo/obj/catOS/src/components/cat_shell/cat_shell_cmds.o
                0x0000000008000ed8                backspace_action
 .text.enter_action
                0x0000000008000f10       0x50 output/edf_demo/obj/catOS/src/components/cat_shell/cat_shell_cmds.o
                0x0000000008000f10                enter_action
 .text.do_help  0x0000000008000f60       0x54 output/edf_demo/obj/catOS/src/components/cat_shell/cat_shell_cmds.o
                0x0000000008000f60                do_help
 .text.do_test_cmd
                0x0000000008000fb4       0x1c output/edf_demo/obj/catOS/src/components/cat_shell/cat_shell_cmds.o
                0x0000000008000fb4                do_test_cmd
 .text.do_cmd2  0x0000000008000fd0       0x1c output/edf_demo/obj/catOS/src/components/cat_shell/cat_shell_cmds.o
                0x0000000008000fd0                do_cmd2
 .text.do_test_args
                0x0000000008000fec       0x80 output/edf_demo/obj/catOS/src/components/cat_shell/cat_shell_cmds.o
                0x0000000008000fec                do_test_args
 .text.do_test_atoi
                0x000000000800106c       0x88 output/edf_demo/obj/catOS/src/components/cat_shell/cat_shell_cmds.o
                0x000000000800106c                do_test_atoi
 .text.do_clear
                0x00000000080010f4       0x1c output/edf_demo/obj/catOS/src/components/cat_shell/cat_shell_cmds.o
                0x00000000080010f4                do_clear
 .text.do_reset
                0x0000000008001110       0x20 output/edf_demo/obj/catOS/src/components/cat_shell/cat_shell_cmds.o
                0x0000000008001110                do_reset
 .text.cat_shell_task_init
                0x0000000008001130       0x84 output/edf_demo/obj/catOS/src/components/cat_shell/cat_shell_port.o
                0x0000000008001130                cat_shell_task_init
 .text.cat_reset_chip
                0x00000000080011b4        0xc output/edf_demo/obj/catOS/src/components/cat_shell/cat_shell_port.o
                0x00000000080011b4                cat_reset_chip
 .text.cat_shell_init
                0x00000000080011c0       0xb8 output/edf_demo/obj/catOS/src/components/cat_shell/cat_shell.o
                0x00000000080011c0                cat_shell_init
 .text.cat_shell_task_entry
                0x0000000008001278       0x58 output/edf_demo/obj/catOS/src/components/cat_shell/cat_shell.o
                0x0000000008001278                cat_shell_task_entry
 .text.cat_handle_input_char
                0x00000000080012d0      0x158 output/edf_demo/obj/catOS/src/components/cat_shell/cat_shell.o
                0x00000000080012d0                cat_handle_input_char
 .text.cat_seek_cmd
                0x0000000008001428       0x58 output/edf_demo/obj/catOS/src/components/cat_shell/cat_shell.o
                0x0000000008001428                cat_seek_cmd
 .text.cat_parse_args
                0x0000000008001480       0xd4 output/edf_demo/obj/catOS/src/components/cat_shell/cat_shell.o
                0x0000000008001480                cat_parse_args
 .text.cat_execute_cmd
                0x0000000008001554       0x4c output/edf_demo/obj/catOS/src/components/cat_shell/cat_shell.o
                0x0000000008001554                cat_execute_cmd
 .text.cat_idle_task_init
                0x00000000080015a0       0x44 output/edf_demo/obj/catOS/src/cat_idle.o
                0x00000000080015a0                cat_idle_task_init
 .text.time_tick_init
                0x00000000080015e4       0x20 output/edf_demo/obj/catOS/src/cat_idle.o
                0x00000000080015e4                time_tick_init
 .text.cat_idle_entry
                0x0000000008001604       0x28 output/edf_demo/obj/catOS/src/cat_idle.o
                0x0000000008001604                cat_idle_entry
 .text.edf_init
                0x000000000800162c       0x34 output/edf_demo/obj/catOS/src/schedule/edf/edf.o
                0x000000000800162c                edf_init
 .text.edf_create_task
                0x0000000008001660       0x6c output/edf_demo/obj/catOS/src/schedule/edf/edf.o
                0x0000000008001660                edf_create_task
 .text.edf_sched
                0x00000000080016cc       0x5c output/edf_demo/obj/catOS/src/schedule/edf/edf.o
                0x00000000080016cc                edf_sched
 .text.edf_task_insert_tail
                0x0000000008001728       0x3a output/edf_demo/obj/catOS/src/schedule/edf/edf.o
                0x0000000008001728                edf_task_insert_tail
 .text.edf_task_remove_from_list
                0x0000000008001762       0x26 output/edf_demo/obj/catOS/src/schedule/edf/edf.o
                0x0000000008001762                edf_task_remove_from_list
 .text.edf_get_highest
                0x0000000008001788       0x68 output/edf_demo/obj/catOS/src/schedule/edf/edf.o
                0x0000000008001788                edf_get_highest
 .text.edf_wait_next_arrive
                0x00000000080017f0       0x30 output/edf_demo/obj/catOS/src/schedule/edf/edf.o
                0x00000000080017f0                edf_wait_next_arrive
 .text.edf_deal_wait_list
                0x0000000008001820       0x90 output/edf_demo/obj/catOS/src/schedule/edf/edf.o
                0x0000000008001820                edf_deal_wait_list
 .text.edf_infinite_call
                0x00000000080018b0       0x3c output/edf_demo/obj/catOS/src/schedule/edf/edf.o
                0x00000000080018b0                edf_infinite_call
 .text.task_init
                0x00000000080018ec      0x198 output/edf_demo/obj/catOS/src/cat_task.o
                0x00000000080018ec                task_init
 .text.cat_task_highest_ready
                0x0000000008001a84       0x38 output/edf_demo/obj/catOS/src/cat_task.o
                0x0000000008001a84                cat_task_highest_ready
 .text.cat_task_sched_init
                0x0000000008001abc       0x50 output/edf_demo/obj/catOS/src/cat_task.o
                0x0000000008001abc                cat_task_sched_init
 .text.cat_task_sched_disable
                0x0000000008001b0c       0x34 output/edf_demo/obj/catOS/src/cat_task.o
                0x0000000008001b0c                cat_task_sched_disable
 .text.cat_task_sched_enable
                0x0000000008001b40       0x40 output/edf_demo/obj/catOS/src/cat_task.o
                0x0000000008001b40                cat_task_sched_enable
 .text.cat_task_sched
                0x0000000008001b80       0x58 output/edf_demo/obj/catOS/src/cat_task.o
                0x0000000008001b80                cat_task_sched
 .text.cat_task_sched_rdy
                0x0000000008001bd8       0x48 output/edf_demo/obj/catOS/src/cat_task.o
                0x0000000008001bd8                cat_task_sched_rdy
 .text.cat_task_sched_unrdy
                0x0000000008001c20       0x68 output/edf_demo/obj/catOS/src/cat_task.o
                0x0000000008001c20                cat_task_sched_unrdy
 .text.cat_task_get_info
                0x0000000008001c88       0x8a output/edf_demo/obj/catOS/src/cat_task.o
                0x0000000008001c88                cat_task_get_info
 *fill*         0x0000000008001d12        0x2 
 .text.do_task_stat
                0x0000000008001d14       0x88 output/edf_demo/obj/catOS/src/cat_task.o
                0x0000000008001d14                do_task_stat
 .text.board_led_init
                0x0000000008001d9c       0xac output/edf_demo/obj/catOS/user/bsp/board_led/bsp_board_led.o
                0x0000000008001d9c                board_led_init
 .text.board_led_on
                0x0000000008001e48       0x18 output/edf_demo/obj/catOS/user/bsp/board_led/bsp_board_led.o
                0x0000000008001e48                board_led_on
 .text.board_led_off
                0x0000000008001e60       0x18 output/edf_demo/obj/catOS/user/bsp/board_led/bsp_board_led.o
                0x0000000008001e60                board_led_off
 .text.cat_bsp_uart_init
                0x0000000008001e78       0x18 output/edf_demo/obj/catOS/user/bsp/uart/bsp_usart.o
                0x0000000008001e78                cat_bsp_uart_init
 .text.cat_bsp_uart_transmit
                0x0000000008001e90       0x30 output/edf_demo/obj/catOS/user/bsp/uart/bsp_usart.o
                0x0000000008001e90                cat_bsp_uart_transmit
 .text.cat_bsp_uart_transmit_byte
                0x0000000008001ec0       0x28 output/edf_demo/obj/catOS/user/bsp/uart/bsp_usart.o
                0x0000000008001ec0                cat_bsp_uart_transmit_byte
 .text.cat_bsp_uart_receive_byte
                0x0000000008001ee8       0x28 output/edf_demo/obj/catOS/user/bsp/uart/bsp_usart.o
                0x0000000008001ee8                cat_bsp_uart_receive_byte
 .text.cat_f103vet6_usart1_init
                0x0000000008001f10       0x44 output/edf_demo/obj/catOS/user/bsp/uart/bsp_usart.o
                0x0000000008001f10                cat_f103vet6_usart1_init
 .text.HAL_UART_MspInit
                0x0000000008001f54       0x94 output/edf_demo/obj/catOS/user/bsp/uart/bsp_usart.o
                0x0000000008001f54                HAL_UART_MspInit
 .text.main     0x0000000008001fe8       0x24 output/edf_demo/obj/catOS/user/main.o
                0x0000000008001fe8                main
 .text.SystemClock_Config
                0x000000000800200c       0x82 output/edf_demo/obj/catOS/user/main.o
                0x000000000800200c                SystemClock_Config
 *fill*         0x000000000800208e        0x2 
 .text.task1_entry
                0x0000000008002090       0x64 output/edf_demo/obj/catOS/user/app.o
                0x0000000008002090                task1_entry
 .text.task2_entry
                0x00000000080020f4       0x1c output/edf_demo/obj/catOS/user/app.o
                0x00000000080020f4                task2_entry
 .text.task3_entry
                0x0000000008002110       0x1c output/edf_demo/obj/catOS/user/app.o
                0x0000000008002110                task3_entry
 .text.cat_user_tasks_init
                0x000000000800212c       0x90 output/edf_demo/obj/catOS/user/app.o
                0x000000000800212c                cat_user_tasks_init
 .text.NMI_Handler
                0x00000000080021bc        0xc output/edf_demo/obj/catOS/user/stm32f1xx_it.o
                0x00000000080021bc                NMI_Handler
 .text.HardFault_Handler
                0x00000000080021c8        0x6 output/edf_demo/obj/catOS/user/stm32f1xx_it.o
                0x00000000080021c8                HardFault_Handler
 .text.MemManage_Handler
                0x00000000080021ce        0x6 output/edf_demo/obj/catOS/user/stm32f1xx_it.o
                0x00000000080021ce                MemManage_Handler
 .text.BusFault_Handler
                0x00000000080021d4        0x6 output/edf_demo/obj/catOS/user/stm32f1xx_it.o
                0x00000000080021d4                BusFault_Handler
 .text.UsageFault_Handler
                0x00000000080021da        0x6 output/edf_demo/obj/catOS/user/stm32f1xx_it.o
                0x00000000080021da                UsageFault_Handler
 .text.SVC_Handler
                0x00000000080021e0        0xc output/edf_demo/obj/catOS/user/stm32f1xx_it.o
                0x00000000080021e0                SVC_Handler
 .text.DebugMon_Handler
                0x00000000080021ec        0xc output/edf_demo/obj/catOS/user/stm32f1xx_it.o
                0x00000000080021ec                DebugMon_Handler
 .text.SystemInit
                0x00000000080021f8       0x68 output/edf_demo/obj/catOS/user/system_stm32f1xx.o
                0x00000000080021f8                SystemInit
 .text.Reset_Handler
                0x0000000008002260       0x44 output/edf_demo/obj/catOS/user/st_vet6_start.o
                0x0000000008002260                Reset_Handler
 .text.Default_Handler
                0x00000000080022a4        0x2 output/edf_demo/obj/catOS/user/st_vet6_start.o
                0x00000000080022a4                RTC_Alarm_IRQHandler
                0x00000000080022a4                EXTI2_IRQHandler
                0x00000000080022a4                TIM8_TRG_COM_IRQHandler
                0x00000000080022a4                TIM8_CC_IRQHandler
                0x00000000080022a4                TIM1_CC_IRQHandler
                0x00000000080022a4                TIM6_IRQHandler
                0x00000000080022a4                PVD_IRQHandler
                0x00000000080022a4                SDIO_IRQHandler
                0x00000000080022a4                EXTI3_IRQHandler
                0x00000000080022a4                EXTI0_IRQHandler
                0x00000000080022a4                I2C2_EV_IRQHandler
                0x00000000080022a4                ADC1_2_IRQHandler
                0x00000000080022a4                SPI1_IRQHandler
                0x00000000080022a4                TAMPER_IRQHandler
                0x00000000080022a4                TIM8_UP_IRQHandler
                0x00000000080022a4                DMA2_Channel2_IRQHandler
                0x00000000080022a4                DMA1_Channel4_IRQHandler
                0x00000000080022a4                USART3_IRQHandler
                0x00000000080022a4                RTC_IRQHandler
                0x00000000080022a4                DMA1_Channel7_IRQHandler
                0x00000000080022a4                CAN1_RX1_IRQHandler
                0x00000000080022a4                UART5_IRQHandler
                0x00000000080022a4                ADC3_IRQHandler
                0x00000000080022a4                TIM4_IRQHandler
                0x00000000080022a4                DMA2_Channel1_IRQHandler
                0x00000000080022a4                I2C1_EV_IRQHandler
                0x00000000080022a4                DMA1_Channel6_IRQHandler
                0x00000000080022a4                UART4_IRQHandler
                0x00000000080022a4                TIM3_IRQHandler
                0x00000000080022a4                RCC_IRQHandler
                0x00000000080022a4                TIM1_TRG_COM_IRQHandler
                0x00000000080022a4                DMA1_Channel1_IRQHandler
                0x00000000080022a4                Default_Handler
                0x00000000080022a4                EXTI15_10_IRQHandler
                0x00000000080022a4                TIM7_IRQHandler
                0x00000000080022a4                TIM5_IRQHandler
                0x00000000080022a4                EXTI9_5_IRQHandler
                0x00000000080022a4                SPI2_IRQHandler
                0x00000000080022a4                DMA1_Channel5_IRQHandler
                0x00000000080022a4                EXTI4_IRQHandler
                0x00000000080022a4                USB_LP_CAN1_RX0_IRQHandler
                0x00000000080022a4                USB_HP_CAN1_TX_IRQHandler
                0x00000000080022a4                DMA1_Channel3_IRQHandler
                0x00000000080022a4                FSMC_IRQHandler
                0x00000000080022a4                TIM1_UP_IRQHandler
                0x00000000080022a4                WWDG_IRQHandler
                0x00000000080022a4                TIM2_IRQHandler
                0x00000000080022a4                TIM1_BRK_IRQHandler
                0x00000000080022a4                EXTI1_IRQHandler
                0x00000000080022a4                DMA2_Channel4_5_IRQHandler
                0x00000000080022a4                USART2_IRQHandler
                0x00000000080022a4                I2C2_ER_IRQHandler
                0x00000000080022a4                DMA1_Channel2_IRQHandler
                0x00000000080022a4                TIM8_BRK_IRQHandler
                0x00000000080022a4                CAN1_SCE_IRQHandler
                0x00000000080022a4                FLASH_IRQHandler
                0x00000000080022a4                USART1_IRQHandler
                0x00000000080022a4                SPI3_IRQHandler
                0x00000000080022a4                I2C1_ER_IRQHandler
                0x00000000080022a4                USBWakeUp_IRQHandler
                0x00000000080022a4                DMA2_Channel3_IRQHandler
 *fill*         0x00000000080022a6        0x2 
 .text.HAL_GPIO_Init
                0x00000000080022a8      0x328 output/edf_demo/obj/catOS/Libraries/STM32F1xx_HAL_Driver/Src/stm32f1xx_hal_gpio.o
                0x00000000080022a8                HAL_GPIO_Init
 .text.HAL_RCC_OscConfig
                0x00000000080025d0      0x504 output/edf_demo/obj/catOS/Libraries/STM32F1xx_HAL_Driver/Src/stm32f1xx_hal_rcc.o
                0x00000000080025d0                HAL_RCC_OscConfig
 .text.HAL_RCC_ClockConfig
                0x0000000008002ad4      0x1d4 output/edf_demo/obj/catOS/Libraries/STM32F1xx_HAL_Driver/Src/stm32f1xx_hal_rcc.o
                0x0000000008002ad4                HAL_RCC_ClockConfig
 .text.HAL_RCC_GetSysClockFreq
                0x0000000008002ca8       0xc0 output/edf_demo/obj/catOS/Libraries/STM32F1xx_HAL_Driver/Src/stm32f1xx_hal_rcc.o
                0x0000000008002ca8                HAL_RCC_GetSysClockFreq
 .text.HAL_RCC_GetHCLKFreq
                0x0000000008002d68       0x14 output/edf_demo/obj/catOS/Libraries/STM32F1xx_HAL_Driver/Src/stm32f1xx_hal_rcc.o
                0x0000000008002d68                HAL_RCC_GetHCLKFreq
 .text.HAL_RCC_GetPCLK1Freq
                0x0000000008002d7c       0x28 output/edf_demo/obj/catOS/Libraries/STM32F1xx_HAL_Driver/Src/stm32f1xx_hal_rcc.o
                0x0000000008002d7c                HAL_RCC_GetPCLK1Freq
 .text.HAL_RCC_GetPCLK2Freq
                0x0000000008002da4       0x28 output/edf_demo/obj/catOS/Libraries/STM32F1xx_HAL_Driver/Src/stm32f1xx_hal_rcc.o
                0x0000000008002da4                HAL_RCC_GetPCLK2Freq
 .text.RCC_Delay
                0x0000000008002dcc       0x3c output/edf_demo/obj/catOS/Libraries/STM32F1xx_HAL_Driver/Src/stm32f1xx_hal_rcc.o
 .text.HAL_InitTick
                0x0000000008002e08       0x60 output/edf_demo/obj/catOS/Libraries/STM32F1xx_HAL_Driver/Src/stm32f1xx_hal.o
                0x0000000008002e08                HAL_InitTick
 .text.HAL_GetTick
                0x0000000008002e68       0x14 output/edf_demo/obj/catOS/Libraries/STM32F1xx_HAL_Driver/Src/stm32f1xx_hal.o
                0x0000000008002e68                HAL_GetTick
 .text.HAL_UART_Init
                0x0000000008002e7c       0x9a output/edf_demo/obj/catOS/Libraries/STM32F1xx_HAL_Driver/Src/stm32f1xx_hal_uart.o
                0x0000000008002e7c                HAL_UART_Init
 .text.HAL_UART_Transmit
                0x0000000008002f16      0x124 output/edf_demo/obj/catOS/Libraries/STM32F1xx_HAL_Driver/Src/stm32f1xx_hal_uart.o
                0x0000000008002f16                HAL_UART_Transmit
 .text.HAL_UART_Receive
                0x000000000800303a      0x144 output/edf_demo/obj/catOS/Libraries/STM32F1xx_HAL_Driver/Src/stm32f1xx_hal_uart.o
                0x000000000800303a                HAL_UART_Receive
 .text.UART_WaitOnFlagUntilTimeout
                0x000000000800317e       0x94 output/edf_demo/obj/catOS/Libraries/STM32F1xx_HAL_Driver/Src/stm32f1xx_hal_uart.o
 *fill*         0x0000000008003212        0x2 
 .text.UART_SetConfig
                0x0000000008003214      0x11c output/edf_demo/obj/catOS/Libraries/STM32F1xx_HAL_Driver/Src/stm32f1xx_hal_uart.o
 .text.__NVIC_GetPriorityGrouping
                0x0000000008003330       0x1c output/edf_demo/obj/catOS/Libraries/STM32F1xx_HAL_Driver/Src/stm32f1xx_hal_cortex.o
 .text.__NVIC_SetPriority
                0x000000000800334c       0x54 output/edf_demo/obj/catOS/Libraries/STM32F1xx_HAL_Driver/Src/stm32f1xx_hal_cortex.o
 .text.NVIC_EncodePriority
                0x00000000080033a0       0x64 output/edf_demo/obj/catOS/Libraries/STM32F1xx_HAL_Driver/Src/stm32f1xx_hal_cortex.o
 .text.SysTick_Config
                0x0000000008003404       0x44 output/edf_demo/obj/catOS/Libraries/STM32F1xx_HAL_Driver/Src/stm32f1xx_hal_cortex.o
 .text.HAL_NVIC_SetPriority
                0x0000000008003448       0x38 output/edf_demo/obj/catOS/Libraries/STM32F1xx_HAL_Driver/Src/stm32f1xx_hal_cortex.o
                0x0000000008003448                HAL_NVIC_SetPriority
 .text.HAL_SYSTICK_Config
                0x0000000008003480       0x18 output/edf_demo/obj/catOS/Libraries/STM32F1xx_HAL_Driver/Src/stm32f1xx_hal_cortex.o
                0x0000000008003480                HAL_SYSTICK_Config
 .text.__NVIC_SetPriority
                0x0000000008003498       0x54 output/edf_demo/obj/catOS/port/arm/stm32f103vet6_hal/port.o
 .text.__NVIC_SystemReset
                0x00000000080034ec       0x2c output/edf_demo/obj/catOS/port/arm/stm32f103vet6_hal/port.o
 .text.SysTick_Handler
                0x0000000008003518        0xc output/edf_demo/obj/catOS/port/arm/stm32f103vet6_hal/port.o
                0x0000000008003518                SysTick_Handler
 .text.cat_set_systick_period
                0x0000000008003524       0x48 output/edf_demo/obj/catOS/port/arm/stm32f103vet6_hal/port.o
                0x0000000008003524                cat_set_systick_period
 .text.cat_start_first
                0x000000000800356c       0x34 output/edf_demo/obj/catOS/port/arm/stm32f103vet6_hal/port.o
                0x000000000800356c                cat_start_first
 .text.cat_task_switch
                0x00000000080035a0       0x28 output/edf_demo/obj/catOS/port/arm/stm32f103vet6_hal/port.o
                0x00000000080035a0                cat_task_switch
 .text.cat_task_enter_critical
                0x00000000080035c8       0x20 output/edf_demo/obj/catOS/port/arm/stm32f103vet6_hal/port.o
                0x00000000080035c8                cat_task_enter_critical
 .text.cat_task_exit_critical
                0x00000000080035e8       0x1e output/edf_demo/obj/catOS/port/arm/stm32f103vet6_hal/port.o
                0x00000000080035e8                cat_task_exit_critical
 .text.cat_port_reset_chip
                0x0000000008003606       0x16 output/edf_demo/obj/catOS/port/arm/stm32f103vet6_hal/port.o
                0x0000000008003606                cat_port_reset_chip
 .text.memset   0x000000000800361c       0x10 /home/mio/Desktop/catos/workspace/gcc-arm-none-eabi-10-2020-q4-major/bin/../lib/gcc/arm-none-eabi/10.2.1/../../../../arm-none-eabi/lib/thumb/nofp/libc_nano.a(lib_a-memset.o)
                0x000000000800361c                memset
 *(.glue_7)
 .glue_7        0x000000000800362c        0x0 linker stubs
 *(.glue_7t)
 .glue_7t       0x000000000800362c        0x0 linker stubs
 *(.eh_frame)
                0x000000000800362c                . = ALIGN (0x4)
                0x000000000800362c                _etext = .

.vfp11_veneer   0x000000000800362c        0x0
 .vfp11_veneer  0x000000000800362c        0x0 linker stubs

.v4_bx          0x000000000800362c        0x0
 .v4_bx         0x000000000800362c        0x0 linker stubs

.iplt           0x000000000800362c        0x0
 .iplt          0x000000000800362c        0x0 output/edf_demo/obj/catOS/src/cat_lib.o

.rodata         0x000000000800362c      0x7d8
                0x000000000800362c                . = ALIGN (0x4)
 *(.rodata)
 .rodata        0x000000000800362c       0xbc output/edf_demo/obj/catOS/src/support/cat_support.o
 .rodata        0x00000000080036e8       0x1c output/edf_demo/obj/catOS/src/drivers/uart/cat_uart.o
 .rodata        0x0000000008003704        0xb output/edf_demo/obj/catOS/src/cat_timer.o
 *fill*         0x000000000800370f        0x1 
 .rodata        0x0000000008003710       0x2c output/edf_demo/obj/catOS/src/cat_time.o
 .rodata        0x000000000800373c       0x53 output/edf_demo/obj/catOS/src/components/cat_stdio/cat_stdio.o
 *fill*         0x000000000800378f        0x1 
 .rodata        0x0000000008003790      0x1fb output/edf_demo/obj/catOS/src/components/cat_shell/cat_shell_cmds.o
 *fill*         0x000000000800398b        0x1 
 .rodata        0x000000000800398c       0x63 output/edf_demo/obj/catOS/src/components/cat_shell/cat_shell_port.o
 *fill*         0x00000000080039ef        0x1 
 .rodata        0x00000000080039f0      0x201 output/edf_demo/obj/catOS/src/components/cat_shell/cat_shell.o
 *fill*         0x0000000008003bf1        0x3 
 .rodata        0x0000000008003bf4        0xa output/edf_demo/obj/catOS/src/cat_idle.o
 *fill*         0x0000000008003bfe        0x2 
 .rodata        0x0000000008003c00       0x64 output/edf_demo/obj/catOS/src/cat_task.o
 .rodata        0x0000000008003c64       0x76 output/edf_demo/obj/catOS/user/app.o
 *fill*         0x0000000008003cda        0x2 
 .rodata        0x0000000008003cdc       0x10 output/edf_demo/obj/catOS/Libraries/STM32F1xx_HAL_Driver/Src/stm32f1xx_hal_rcc.o
 *(.rodata*)
 .rodata.quick_find_table.0
                0x0000000008003cec      0x100 output/edf_demo/obj/catOS/src/cat_lib.o
 .rodata.AHBPrescTable
                0x0000000008003dec       0x10 output/edf_demo/obj/catOS/user/system_stm32f1xx.o
                0x0000000008003dec                AHBPrescTable
 .rodata.APBPrescTable
                0x0000000008003dfc        0x8 output/edf_demo/obj/catOS/user/system_stm32f1xx.o
                0x0000000008003dfc                APBPrescTable
                0x0000000008003e04                . = ALIGN (0x4)

.rel.dyn        0x0000000008003e04        0x0
 .rel.iplt      0x0000000008003e04        0x0 output/edf_demo/obj/catOS/src/cat_lib.o

.ARM.extab
 *(.ARM.extab* .gnu.linkonce.armextab.*)

.ARM            0x0000000008003e04        0x0
                0x0000000008003e04                __exidx_start = .
 *(.ARM.exidx*)
                0x0000000008003e04                __exidx_end = .
                0x0000000008003e04                _sidata = LOADADDR (.data)

.data           0x0000000020000000       0xf0 load address 0x0000000008003e04
                0x0000000020000000                . = ALIGN (0x4)
                0x0000000020000000                _sdata = .
 *(.data)
 *(.data*)
 .data._cat_error_msg
                0x0000000020000000        0x8 output/edf_demo/obj/catOS/src/components/cat_stdio/cat_stdio.o
 .data.SystemCoreClock
                0x0000000020000008        0x4 output/edf_demo/obj/catOS/user/system_stm32f1xx.o
                0x0000000020000008                SystemCoreClock
 .data.uwTickPrio
                0x000000002000000c        0x4 output/edf_demo/obj/catOS/Libraries/STM32F1xx_HAL_Driver/Src/stm32f1xx_hal.o
                0x000000002000000c                uwTickPrio
 .data.uwTickFreq
                0x0000000020000010        0x1 output/edf_demo/obj/catOS/Libraries/STM32F1xx_HAL_Driver/Src/stm32f1xx_hal.o
                0x0000000020000010                uwTickFreq
                0x0000000020000014                . = ALIGN (0x4)
 *fill*         0x0000000020000011        0x3 
                0x0000000020000014                PROVIDE (cat_shell_cmd_start = .)
 *(cat_shell_cmd)
 cat_shell_cmd  0x0000000020000014       0x14 output/edf_demo/obj/catOS/src/cat_time.o
                0x0000000020000014                cat_cmd_get_ticks
 cat_shell_cmd  0x0000000020000028       0xb4 output/edf_demo/obj/catOS/src/components/cat_shell/cat_shell_cmds.o
                0x0000000020000028                cat_cmd_backspace
                0x000000002000003c                cat_cmd_enter
                0x0000000020000050                cat_cmd_help
                0x0000000020000064                cat_cmd_test_cmd
                0x0000000020000078                cat_cmd_cmd2
                0x000000002000008c                cat_cmd_test_args
                0x00000000200000a0                cat_cmd_test_atoi
                0x00000000200000b4                cat_cmd_clear
                0x00000000200000c8                cat_cmd_reset
 cat_shell_cmd  0x00000000200000dc       0x14 output/edf_demo/obj/catOS/src/cat_task.o
                0x00000000200000dc                cat_cmd_task_stat
                0x00000000200000f0                PROVIDE (cat_shell_cmd_end = .)
                0x00000000200000f0                . = ALIGN (0x4)
                0x00000000200000f0                _edata = .

.igot.plt       0x00000000200000f0        0x0 load address 0x0000000008003ef4
 .igot.plt      0x00000000200000f0        0x0 output/edf_demo/obj/catOS/src/cat_lib.o

app_region      0x00000000200000f0       0x74 load address 0x0000000008003ef4
 app_region     0x00000000200000f0       0x74 output/edf_demo/obj/catOS/user/app.o
                0x00000000200000f0                task1
                0x0000000020000164                . = ALIGN (0x4)

.bss            0x0000000020000164     0x680c load address 0x0000000008003f68
                0x0000000020000164                _sbss = .
                0x0000000020000164                __bss_start__ = _sbss
 *(.bss)
 *(.bss*)
 .bss.cat_timer_hard_list
                0x0000000020000164        0xc output/edf_demo/obj/catOS/src/cat_timer.o
 .bss.cat_timer_soft_list
                0x0000000020000170        0xc output/edf_demo/obj/catOS/src/cat_timer.o
 .bss.cat_timer_access_sem
                0x000000002000017c       0x18 output/edf_demo/obj/catOS/src/cat_timer.o
 .bss.cat_timer_tick_come_sem
                0x0000000020000194       0x18 output/edf_demo/obj/catOS/src/cat_timer.o
 .bss.cat_timer_task
                0x00000000200001ac       0x74 output/edf_demo/obj/catOS/src/cat_timer.o
 .bss.cat_timer_task_stack
                0x0000000020000220     0x1000 output/edf_demo/obj/catOS/src/cat_timer.o
 .bss.cat_task_delayed_list
                0x0000000020001220        0xc output/edf_demo/obj/catOS/src/cat_time.o
                0x0000000020001220                cat_task_delayed_list
 .bss.shell_task
                0x000000002000122c       0x74 output/edf_demo/obj/catOS/src/components/cat_shell/cat_shell_port.o
                0x000000002000122c                shell_task
 .bss.shell_task_env
                0x00000000200012a0     0x1000 output/edf_demo/obj/catOS/src/components/cat_shell/cat_shell_port.o
                0x00000000200012a0                shell_task_env
 .bss.port_shell_inst_1
                0x00000000200022a0       0x40 output/edf_demo/obj/catOS/src/components/cat_shell/cat_shell_port.o
                0x00000000200022a0                port_shell_inst_1
 .bss.shell_cfg
                0x00000000200022e0        0x8 output/edf_demo/obj/catOS/src/components/cat_shell/cat_shell_port.o
                0x00000000200022e0                shell_cfg
 .bss.shell_space
                0x00000000200022e8      0x200 output/edf_demo/obj/catOS/src/components/cat_shell/cat_shell_port.o
                0x00000000200022e8                shell_space
 .bss.tick_count
                0x00000000200024e8        0x4 output/edf_demo/obj/catOS/src/cat_idle.o
                0x00000000200024e8                tick_count
 .bss.catos_ticks
                0x00000000200024ec        0x4 output/edf_demo/obj/catOS/src/cat_idle.o
                0x00000000200024ec                catos_ticks
 .bss.idle_task
                0x00000000200024f0       0x74 output/edf_demo/obj/catOS/src/cat_idle.o
                0x00000000200024f0                idle_task
 .bss.idle_task_env
                0x0000000020002564     0x1000 output/edf_demo/obj/catOS/src/cat_idle.o
                0x0000000020002564                idle_task_env
 .bss.edf_rdy_head
                0x0000000020003564       0x74 output/edf_demo/obj/catOS/src/schedule/edf/edf.o
                0x0000000020003564                edf_rdy_head
 .bss.edf_wait_head
                0x00000000200035d8       0x74 output/edf_demo/obj/catOS/src/schedule/edf/edf.o
                0x00000000200035d8                edf_wait_head
 .bss.cat_current_task
                0x000000002000364c        0x4 output/edf_demo/obj/catOS/src/cat_task.o
                0x000000002000364c                cat_current_task
 .bss.cat_ready_task
                0x0000000020003650        0x4 output/edf_demo/obj/catOS/src/cat_task.o
                0x0000000020003650                cat_ready_task
 .bss.cat_idle_task
                0x0000000020003654        0x4 output/edf_demo/obj/catOS/src/cat_task.o
                0x0000000020003654                cat_idle_task
 .bss.sched_lock_cnt
                0x0000000020003658        0x1 output/edf_demo/obj/catOS/src/cat_task.o
                0x0000000020003658                sched_lock_cnt
 *fill*         0x0000000020003659        0x3 
 .bss.cat_task_prio_bitmap
                0x000000002000365c        0x4 output/edf_demo/obj/catOS/src/cat_task.o
                0x000000002000365c                cat_task_prio_bitmap
 .bss.task_tbl  0x0000000020003660      0x180 output/edf_demo/obj/catOS/src/cat_task.o
                0x0000000020003660                task_tbl
 .bss.cat_task_stat_list
                0x00000000200037e0       0x50 output/edf_demo/obj/catOS/src/cat_task.o
                0x00000000200037e0                cat_task_stat_list
 .bss.cat_task_num
                0x0000000020003830        0x4 output/edf_demo/obj/catOS/src/cat_task.o
                0x0000000020003830                cat_task_num
 .bss.UartHandle
                0x0000000020003834       0x44 output/edf_demo/obj/catOS/user/bsp/uart/bsp_usart.o
                0x0000000020003834                UartHandle
 .bss.task2     0x0000000020003878       0x74 output/edf_demo/obj/catOS/user/app.o
                0x0000000020003878                task2
 .bss.task3     0x00000000200038ec       0x74 output/edf_demo/obj/catOS/user/app.o
                0x00000000200038ec                task3
 .bss.task1_env
                0x0000000020003960     0x1000 output/edf_demo/obj/catOS/user/app.o
                0x0000000020003960                task1_env
 .bss.task2_env
                0x0000000020004960     0x1000 output/edf_demo/obj/catOS/user/app.o
                0x0000000020004960                task2_env
 .bss.task3_env
                0x0000000020005960     0x1000 output/edf_demo/obj/catOS/user/app.o
                0x0000000020005960                task3_env
 .bss.sched_task1_times
                0x0000000020006960        0x4 output/edf_demo/obj/catOS/user/app.o
                0x0000000020006960                sched_task1_times
 .bss.task1_flag
                0x0000000020006964        0x4 output/edf_demo/obj/catOS/user/app.o
                0x0000000020006964                task1_flag
 .bss.uwTick    0x0000000020006968        0x4 output/edf_demo/obj/catOS/Libraries/STM32F1xx_HAL_Driver/Src/stm32f1xx_hal.o
                0x0000000020006968                uwTick
 .bss.cat_task_switch_times.0
                0x000000002000696c        0x4 output/edf_demo/obj/catOS/port/arm/stm32f103vet6_hal/port.o
 *(COMMON)
                0x0000000020006970                . = ALIGN (0x4)
                0x0000000020006970                _ebss = .
                0x0000000020006970                __bss_end__ = _ebss

._user_heap_stack
                0x0000000020006970      0xc00 load address 0x0000000008003f68
                0x0000000020006970                . = ALIGN (0x4)
                [!provide]                        PROVIDE (end = .)
                [!provide]                        PROVIDE (_end = .)
                0x0000000020006d70                . = (. + _Min_Heap_Size)
 *fill*         0x0000000020006970      0x400 
                0x0000000020006d70                _sstack = .
                0x0000000020007570                . = (. + _Min_Stack_Size)
 *fill*         0x0000000020006d70      0x800 
                0x0000000020007570                _estack = .
                0x0000000020007570                . = ALIGN (0x4)

/DISCARD/
 libc.a(*)
 libm.a(*)
 libgcc.a(*)

.ARM.attributes
                0x0000000000000000       0x2d
 *(.ARM.attributes)
 .ARM.attributes
                0x0000000000000000       0x2d output/edf_demo/obj/catOS/src/cat_lib.o
 .ARM.attributes
                0x000000000000002d       0x2d output/edf_demo/obj/catOS/src/cat_sem.o
 .ARM.attributes
                0x000000000000005a       0x2d output/edf_demo/obj/catOS/src/cat_event.o
 .ARM.attributes
                0x0000000000000087       0x2d output/edf_demo/obj/catOS/src/support/cat_support.o
 .ARM.attributes
                0x00000000000000b4       0x2d output/edf_demo/obj/catOS/src/drivers/uart/cat_uart.o
 .ARM.attributes
                0x00000000000000e1       0x2d output/edf_demo/obj/catOS/src/cat_timer.o
 .ARM.attributes
                0x000000000000010e       0x2d output/edf_demo/obj/catOS/src/cat_time.o
 .ARM.attributes
                0x000000000000013b       0x2d output/edf_demo/obj/catOS/src/cat_list.o
 .ARM.attributes
                0x0000000000000168       0x2d output/edf_demo/obj/catOS/src/catos.o
 .ARM.attributes
                0x0000000000000195       0x2d output/edf_demo/obj/catOS/src/components/cat_stdio/cat_stdio.o
 .ARM.attributes
                0x00000000000001c2       0x2d output/edf_demo/obj/catOS/src/components/cat_shell/cat_shell_cmds.o
 .ARM.attributes
                0x00000000000001ef       0x2d output/edf_demo/obj/catOS/src/components/cat_shell/cat_shell_port.o
 .ARM.attributes
                0x000000000000021c       0x2d output/edf_demo/obj/catOS/src/components/cat_shell/cat_shell.o
 .ARM.attributes
                0x0000000000000249       0x2d output/edf_demo/obj/catOS/src/cat_idle.o
 .ARM.attributes
                0x0000000000000276       0x2d output/edf_demo/obj/catOS/src/schedule/edf/edf.o
 .ARM.attributes
                0x00000000000002a3       0x2d output/edf_demo/obj/catOS/src/cat_task.o
 .ARM.attributes
                0x00000000000002d0       0x2d output/edf_demo/obj/catOS/user/bsp/board_led/bsp_board_led.o
 .ARM.attributes
                0x00000000000002fd       0x2d output/edf_demo/obj/catOS/user/bsp/uart/bsp_usart.o
 .ARM.attributes
                0x000000000000032a       0x2d output/edf_demo/obj/catOS/user/main.o
 .ARM.attributes
                0x0000000000000357       0x2d output/edf_demo/obj/catOS/user/app.o
 .ARM.attributes
                0x0000000000000384       0x2d output/edf_demo/obj/catOS/user/stm32f1xx_it.o
 .ARM.attributes
                0x00000000000003b1       0x2d output/edf_demo/obj/catOS/user/system_stm32f1xx.o
 .ARM.attributes
                0x00000000000003de       0x21 output/edf_demo/obj/catOS/user/st_vet6_start.o
 .ARM.attributes
                0x00000000000003ff       0x2d output/edf_demo/obj/catOS/Libraries/STM32F1xx_HAL_Driver/Src/stm32f1xx_hal_gpio.o
 .ARM.attributes
                0x000000000000042c       0x2d output/edf_demo/obj/catOS/Libraries/STM32F1xx_HAL_Driver/Src/stm32f1xx_hal_rcc.o
 .ARM.attributes
                0x0000000000000459       0x2d output/edf_demo/obj/catOS/Libraries/STM32F1xx_HAL_Driver/Src/stm32f1xx_hal.o
 .ARM.attributes
                0x0000000000000486       0x2d output/edf_demo/obj/catOS/Libraries/STM32F1xx_HAL_Driver/Src/stm32f1xx_hal_uart.o
 .ARM.attributes
                0x00000000000004b3       0x2d output/edf_demo/obj/catOS/Libraries/STM32F1xx_HAL_Driver/Src/stm32f1xx_hal_cortex.o
 .ARM.attributes
                0x00000000000004e0       0x21 output/edf_demo/obj/catOS/port/arm/stm32f103vet6_hal/port_asm.o
 .ARM.attributes
                0x0000000000000501       0x2d output/edf_demo/obj/catOS/port/arm/stm32f103vet6_hal/port.o
 .ARM.attributes
                0x000000000000052e       0x2a /home/mio/Desktop/catos/workspace/gcc-arm-none-eabi-10-2020-q4-major/bin/../lib/gcc/arm-none-eabi/10.2.1/../../../../arm-none-eabi/lib/thumb/nofp/libc_nano.a(lib_a-memset.o)
LOAD output/edf_demo/obj/catOS/src/cat_lib.o
LOAD output/edf_demo/obj/catOS/src/cat_sem.o
LOAD output/edf_demo/obj/catOS/src/cat_event.o
LOAD output/edf_demo/obj/catOS/src/support/cat_support.o
LOAD output/edf_demo/obj/catOS/src/drivers/uart/cat_uart.o
LOAD output/edf_demo/obj/catOS/src/cat_timer.o
LOAD output/edf_demo/obj/catOS/src/cat_time.o
LOAD output/edf_demo/obj/catOS/src/cat_list.o
LOAD output/edf_demo/obj/catOS/src/catos.o
LOAD output/edf_demo/obj/catOS/src/components/cat_stdio/cat_stdio.o
LOAD output/edf_demo/obj/catOS/src/components/cat_shell/cat_shell_cmds.o
LOAD output/edf_demo/obj/catOS/src/components/cat_shell/cat_shell_port.o
LOAD output/edf_demo/obj/catOS/src/components/cat_shell/cat_shell.o
LOAD output/edf_demo/obj/catOS/src/components/cat_sys_print/cat_sys_print.o
LOAD output/edf_demo/obj/catOS/src/cat_idle.o
LOAD output/edf_demo/obj/catOS/src/schedule/edf/edf.o
LOAD output/edf_demo/obj/catOS/src/cat_task.o
LOAD output/edf_demo/obj/catOS/user/bsp/board_led/bsp_board_led.o
LOAD output/edf_demo/obj/catOS/user/bsp/iic/bsp_iic.o
LOAD output/edf_demo/obj/catOS/user/bsp/lcd/oled.o
LOAD output/edf_demo/obj/catOS/user/bsp/lcd/bsp_lcd.o
LOAD output/edf_demo/obj/catOS/user/bsp/uart/bsp_usart.o
LOAD output/edf_demo/obj/catOS/user/main.o
LOAD output/edf_demo/obj/catOS/user/app.o
LOAD output/edf_demo/obj/catOS/user/stm32f1xx_it.o
LOAD output/edf_demo/obj/catOS/user/system_stm32f1xx.o
LOAD output/edf_demo/obj/catOS/user/st_vet6_start.o
LOAD output/edf_demo/obj/catOS/Libraries/STM32F1xx_HAL_Driver/Src/stm32f1xx_hal_nor.o
LOAD output/edf_demo/obj/catOS/Libraries/STM32F1xx_HAL_Driver/Src/stm32f1xx_hal_dac.o
LOAD output/edf_demo/obj/catOS/Libraries/STM32F1xx_HAL_Driver/Src/stm32f1xx_hal_tim_ex.o
LOAD output/edf_demo/obj/catOS/Libraries/STM32F1xx_HAL_Driver/Src/stm32f1xx_hal_nand.o
LOAD output/edf_demo/obj/catOS/Libraries/STM32F1xx_HAL_Driver/Src/stm32f1xx_hal_can.o
LOAD output/edf_demo/obj/catOS/Libraries/STM32F1xx_HAL_Driver/Src/stm32f1xx_hal_usart.o
LOAD output/edf_demo/obj/catOS/Libraries/STM32F1xx_HAL_Driver/Src/stm32f1xx_hal_gpio.o
LOAD output/edf_demo/obj/catOS/Libraries/STM32F1xx_HAL_Driver/Src/stm32f1xx_hal_flash.o
LOAD output/edf_demo/obj/catOS/Libraries/STM32F1xx_HAL_Driver/Src/stm32f1xx_hal_pwr.o
LOAD output/edf_demo/obj/catOS/Libraries/STM32F1xx_HAL_Driver/Src/stm32f1xx_hal_iwdg.o
LOAD output/edf_demo/obj/catOS/Libraries/STM32F1xx_HAL_Driver/Src/stm32f1xx_hal_rcc.o
LOAD output/edf_demo/obj/catOS/Libraries/STM32F1xx_HAL_Driver/Src/stm32f1xx_hal_eth.o
LOAD output/edf_demo/obj/catOS/Libraries/STM32F1xx_HAL_Driver/Src/stm32f1xx_hal_crc.o
LOAD output/edf_demo/obj/catOS/Libraries/STM32F1xx_HAL_Driver/Src/stm32f1xx_hal_spi.o
LOAD output/edf_demo/obj/catOS/Libraries/STM32F1xx_HAL_Driver/Src/stm32f1xx_hal_irda.o
LOAD output/edf_demo/obj/catOS/Libraries/STM32F1xx_HAL_Driver/Src/stm32f1xx_hal_dma.o
LOAD output/edf_demo/obj/catOS/Libraries/STM32F1xx_HAL_Driver/Src/stm32f1xx_hal_rtc.o
LOAD output/edf_demo/obj/catOS/Libraries/STM32F1xx_HAL_Driver/Src/stm32f1xx_hal_smartcard.o
LOAD output/edf_demo/obj/catOS/Libraries/STM32F1xx_HAL_Driver/Src/stm32f1xx_hal_gpio_ex.o
LOAD output/edf_demo/obj/catOS/Libraries/STM32F1xx_HAL_Driver/Src/stm32f1xx_hal_hcd.o
LOAD output/edf_demo/obj/catOS/Libraries/STM32F1xx_HAL_Driver/Src/stm32f1xx_hal.o
LOAD output/edf_demo/obj/catOS/Libraries/STM32F1xx_HAL_Driver/Src/stm32f1xx_hal_dac_ex.o
LOAD output/edf_demo/obj/catOS/Libraries/STM32F1xx_HAL_Driver/Src/stm32f1xx_hal_pcd_ex.o
LOAD output/edf_demo/obj/catOS/Libraries/STM32F1xx_HAL_Driver/Src/stm32f1xx_hal_i2s.o
LOAD output/edf_demo/obj/catOS/Libraries/STM32F1xx_HAL_Driver/Src/stm32f1xx_hal_pccard.o
LOAD output/edf_demo/obj/catOS/Libraries/STM32F1xx_HAL_Driver/Src/stm32f1xx_hal_i2c.o
LOAD output/edf_demo/obj/catOS/Libraries/STM32F1xx_HAL_Driver/Src/stm32f1xx_hal_rtc_ex.o
LOAD output/edf_demo/obj/catOS/Libraries/STM32F1xx_HAL_Driver/Src/stm32f1xx_hal_rcc_ex.o
LOAD output/edf_demo/obj/catOS/Libraries/STM32F1xx_HAL_Driver/Src/stm32f1xx_hal_pcd.o
LOAD output/edf_demo/obj/catOS/Libraries/STM32F1xx_HAL_Driver/Src/stm32f1xx_hal_adc.o
LOAD output/edf_demo/obj/catOS/Libraries/STM32F1xx_HAL_Driver/Src/stm32f1xx_hal_uart.o
LOAD output/edf_demo/obj/catOS/Libraries/STM32F1xx_HAL_Driver/Src/stm32f1xx_hal_mmc.o
LOAD output/edf_demo/obj/catOS/Libraries/STM32F1xx_HAL_Driver/Src/stm32f1xx_hal_tim.o
LOAD output/edf_demo/obj/catOS/Libraries/STM32F1xx_HAL_Driver/Src/stm32f1xx_hal_flash_ex.o
LOAD output/edf_demo/obj/catOS/Libraries/STM32F1xx_HAL_Driver/Src/stm32f1xx_hal_sd.o
LOAD output/edf_demo/obj/catOS/Libraries/STM32F1xx_HAL_Driver/Src/stm32f1xx_hal_cec.o
LOAD output/edf_demo/obj/catOS/Libraries/STM32F1xx_HAL_Driver/Src/stm32f1xx_hal_wwdg.o
LOAD output/edf_demo/obj/catOS/Libraries/STM32F1xx_HAL_Driver/Src/stm32f1xx_hal_cortex.o
LOAD output/edf_demo/obj/catOS/Libraries/STM32F1xx_HAL_Driver/Src/stm32f1xx_hal_sram.o
LOAD output/edf_demo/obj/catOS/port/arm/stm32f103vet6_hal/port_asm.o
LOAD output/edf_demo/obj/catOS/port/arm/stm32f103vet6_hal/port.o
START GROUP
LOAD /home/mio/Desktop/catos/workspace/gcc-arm-none-eabi-10-2020-q4-major/bin/../lib/gcc/arm-none-eabi/10.2.1/thumb/nofp/libgcc.a
LOAD /home/mio/Desktop/catos/workspace/gcc-arm-none-eabi-10-2020-q4-major/bin/../lib/gcc/arm-none-eabi/10.2.1/../../../../arm-none-eabi/lib/thumb/nofp/libc_nano.a
END GROUP
START GROUP
LOAD /home/mio/Desktop/catos/workspace/gcc-arm-none-eabi-10-2020-q4-major/bin/../lib/gcc/arm-none-eabi/10.2.1/thumb/nofp/libgcc.a
LOAD /home/mio/Desktop/catos/workspace/gcc-arm-none-eabi-10-2020-q4-major/bin/../lib/gcc/arm-none-eabi/10.2.1/../../../../arm-none-eabi/lib/thumb/nofp/libc_nano.a
LOAD /home/mio/Desktop/catos/workspace/gcc-arm-none-eabi-10-2020-q4-major/bin/../lib/gcc/arm-none-eabi/10.2.1/../../../../arm-none-eabi/lib/thumb/nofp/libnosys.a
END GROUP
START GROUP
LOAD /home/mio/Desktop/catos/workspace/gcc-arm-none-eabi-10-2020-q4-major/bin/../lib/gcc/arm-none-eabi/10.2.1/thumb/nofp/libgcc.a
LOAD /home/mio/Desktop/catos/workspace/gcc-arm-none-eabi-10-2020-q4-major/bin/../lib/gcc/arm-none-eabi/10.2.1/../../../../arm-none-eabi/lib/thumb/nofp/libc_nano.a
LOAD /home/mio/Desktop/catos/workspace/gcc-arm-none-eabi-10-2020-q4-major/bin/../lib/gcc/arm-none-eabi/10.2.1/../../../../arm-none-eabi/lib/thumb/nofp/libnosys.a
END GROUP
OUTPUT(output/edf_demo/bin/edf_demo.elf elf32-littlearm)
LOAD linker stubs
LOAD /home/mio/Desktop/catos/workspace/gcc-arm-none-eabi-10-2020-q4-major/bin/../lib/gcc/arm-none-eabi/10.2.1/../../../../arm-none-eabi/lib/thumb/nofp/libc.a
LOAD /home/mio/Desktop/catos/workspace/gcc-arm-none-eabi-10-2020-q4-major/bin/../lib/gcc/arm-none-eabi/10.2.1/../../../../arm-none-eabi/lib/thumb/nofp/libm.a
LOAD /home/mio/Desktop/catos/workspace/gcc-arm-none-eabi-10-2020-q4-major/bin/../lib/gcc/arm-none-eabi/10.2.1/thumb/nofp/libgcc.a

.debug_info     0x0000000000000000     0xabc9
 .debug_info    0x0000000000000000      0x1d3 output/edf_demo/obj/catOS/src/cat_lib.o
 .debug_info    0x00000000000001d3      0x587 output/edf_demo/obj/catOS/src/cat_sem.o
 .debug_info    0x000000000000075a      0x5f2 output/edf_demo/obj/catOS/src/cat_event.o
 .debug_info    0x0000000000000d4c      0x2af output/edf_demo/obj/catOS/src/support/cat_support.o
 .debug_info    0x0000000000000ffb      0x1b8 output/edf_demo/obj/catOS/src/drivers/uart/cat_uart.o
 .debug_info    0x00000000000011b3      0x6f5 output/edf_demo/obj/catOS/src/cat_timer.o
 .debug_info    0x00000000000018a8      0x6ac output/edf_demo/obj/catOS/src/cat_time.o
 .debug_info    0x0000000000001f54      0x3bd output/edf_demo/obj/catOS/src/cat_list.o
 .debug_info    0x0000000000002311      0x407 output/edf_demo/obj/catOS/src/catos.o
 .debug_info    0x0000000000002718      0x437 output/edf_demo/obj/catOS/src/components/cat_stdio/cat_stdio.o
 .debug_info    0x0000000000002b4f      0x6fb output/edf_demo/obj/catOS/src/components/cat_shell/cat_shell_cmds.o
 .debug_info    0x000000000000324a      0x6ec output/edf_demo/obj/catOS/src/components/cat_shell/cat_shell_port.o
 .debug_info    0x0000000000003936      0x657 output/edf_demo/obj/catOS/src/components/cat_shell/cat_shell.o
 .debug_info    0x0000000000003f8d      0x368 output/edf_demo/obj/catOS/src/cat_idle.o
 .debug_info    0x00000000000042f5      0x541 output/edf_demo/obj/catOS/src/schedule/edf/edf.o
 .debug_info    0x0000000000004836      0xafe output/edf_demo/obj/catOS/src/cat_task.o
 .debug_info    0x0000000000005334      0x2a8 output/edf_demo/obj/catOS/user/bsp/board_led/bsp_board_led.o
 .debug_info    0x00000000000055dc      0x850 output/edf_demo/obj/catOS/user/bsp/uart/bsp_usart.o
 .debug_info    0x0000000000005e2c      0x4a8 output/edf_demo/obj/catOS/user/main.o
 .debug_info    0x00000000000062d4      0x59b output/edf_demo/obj/catOS/user/app.o
 .debug_info    0x000000000000686f       0xa4 output/edf_demo/obj/catOS/user/stm32f1xx_it.o
 .debug_info    0x0000000000006913      0x3f8 output/edf_demo/obj/catOS/user/system_stm32f1xx.o
 .debug_info    0x0000000000006d0b       0x22 output/edf_demo/obj/catOS/user/st_vet6_start.o
 .debug_info    0x0000000000006d2d      0x611 output/edf_demo/obj/catOS/Libraries/STM32F1xx_HAL_Driver/Src/stm32f1xx_hal_gpio.o
 .debug_info    0x000000000000733e      0x815 output/edf_demo/obj/catOS/Libraries/STM32F1xx_HAL_Driver/Src/stm32f1xx_hal_rcc.o
 .debug_info    0x0000000000007b53      0x743 output/edf_demo/obj/catOS/Libraries/STM32F1xx_HAL_Driver/Src/stm32f1xx_hal.o
 .debug_info    0x0000000000008296     0x1542 output/edf_demo/obj/catOS/Libraries/STM32F1xx_HAL_Driver/Src/stm32f1xx_hal_uart.o
 .debug_info    0x00000000000097d8      0xb82 output/edf_demo/obj/catOS/Libraries/STM32F1xx_HAL_Driver/Src/stm32f1xx_hal_cortex.o
 .debug_info    0x000000000000a35a       0x26 output/edf_demo/obj/catOS/port/arm/stm32f103vet6_hal/port_asm.o
 .debug_info    0x000000000000a380      0x849 output/edf_demo/obj/catOS/port/arm/stm32f103vet6_hal/port.o

.debug_abbrev   0x0000000000000000     0x2bff
 .debug_abbrev  0x0000000000000000      0x106 output/edf_demo/obj/catOS/src/cat_lib.o
 .debug_abbrev  0x0000000000000106      0x14d output/edf_demo/obj/catOS/src/cat_sem.o
 .debug_abbrev  0x0000000000000253      0x129 output/edf_demo/obj/catOS/src/cat_event.o
 .debug_abbrev  0x000000000000037c      0x111 output/edf_demo/obj/catOS/src/support/cat_support.o
 .debug_abbrev  0x000000000000048d       0xaf output/edf_demo/obj/catOS/src/drivers/uart/cat_uart.o
 .debug_abbrev  0x000000000000053c      0x14f output/edf_demo/obj/catOS/src/cat_timer.o
 .debug_abbrev  0x000000000000068b      0x1ea output/edf_demo/obj/catOS/src/cat_time.o
 .debug_abbrev  0x0000000000000875       0xe3 output/edf_demo/obj/catOS/src/cat_list.o
 .debug_abbrev  0x0000000000000958      0x10e output/edf_demo/obj/catOS/src/catos.o
 .debug_abbrev  0x0000000000000a66      0x188 output/edf_demo/obj/catOS/src/components/cat_stdio/cat_stdio.o
 .debug_abbrev  0x0000000000000bee      0x1ec output/edf_demo/obj/catOS/src/components/cat_shell/cat_shell_cmds.o
 .debug_abbrev  0x0000000000000dda      0x1d8 output/edf_demo/obj/catOS/src/components/cat_shell/cat_shell_port.o
 .debug_abbrev  0x0000000000000fb2      0x21f output/edf_demo/obj/catOS/src/components/cat_shell/cat_shell.o
 .debug_abbrev  0x00000000000011d1      0x135 output/edf_demo/obj/catOS/src/cat_idle.o
 .debug_abbrev  0x0000000000001306      0x183 output/edf_demo/obj/catOS/src/schedule/edf/edf.o
 .debug_abbrev  0x0000000000001489      0x2ac output/edf_demo/obj/catOS/src/cat_task.o
 .debug_abbrev  0x0000000000001735      0x10a output/edf_demo/obj/catOS/user/bsp/board_led/bsp_board_led.o
 .debug_abbrev  0x000000000000183f      0x1d9 output/edf_demo/obj/catOS/user/bsp/uart/bsp_usart.o
 .debug_abbrev  0x0000000000001a18      0x137 output/edf_demo/obj/catOS/user/main.o
 .debug_abbrev  0x0000000000001b4f      0x151 output/edf_demo/obj/catOS/user/app.o
 .debug_abbrev  0x0000000000001ca0       0x2e output/edf_demo/obj/catOS/user/stm32f1xx_it.o
 .debug_abbrev  0x0000000000001cce      0x138 output/edf_demo/obj/catOS/user/system_stm32f1xx.o
 .debug_abbrev  0x0000000000001e06       0x12 output/edf_demo/obj/catOS/user/st_vet6_start.o
 .debug_abbrev  0x0000000000001e18      0x1b8 output/edf_demo/obj/catOS/Libraries/STM32F1xx_HAL_Driver/Src/stm32f1xx_hal_gpio.o
 .debug_abbrev  0x0000000000001fd0      0x25d output/edf_demo/obj/catOS/Libraries/STM32F1xx_HAL_Driver/Src/stm32f1xx_hal_rcc.o
 .debug_abbrev  0x000000000000222d      0x1c5 output/edf_demo/obj/catOS/Libraries/STM32F1xx_HAL_Driver/Src/stm32f1xx_hal.o
 .debug_abbrev  0x00000000000023f2      0x249 output/edf_demo/obj/catOS/Libraries/STM32F1xx_HAL_Driver/Src/stm32f1xx_hal_uart.o
 .debug_abbrev  0x000000000000263b      0x2ea output/edf_demo/obj/catOS/Libraries/STM32F1xx_HAL_Driver/Src/stm32f1xx_hal_cortex.o
 .debug_abbrev  0x0000000000002925       0x14 output/edf_demo/obj/catOS/port/arm/stm32f103vet6_hal/port_asm.o
 .debug_abbrev  0x0000000000002939      0x2c6 output/edf_demo/obj/catOS/port/arm/stm32f103vet6_hal/port.o

.debug_aranges  0x0000000000000000      0xc18
 .debug_aranges
                0x0000000000000000       0x40 output/edf_demo/obj/catOS/src/cat_lib.o
 .debug_aranges
                0x0000000000000040       0x48 output/edf_demo/obj/catOS/src/cat_sem.o
 .debug_aranges
                0x0000000000000088       0x50 output/edf_demo/obj/catOS/src/cat_event.o
 .debug_aranges
                0x00000000000000d8       0x38 output/edf_demo/obj/catOS/src/support/cat_support.o
 .debug_aranges
                0x0000000000000110       0x40 output/edf_demo/obj/catOS/src/drivers/uart/cat_uart.o
 .debug_aranges
                0x0000000000000150       0x68 output/edf_demo/obj/catOS/src/cat_timer.o
 .debug_aranges
                0x00000000000001b8       0x50 output/edf_demo/obj/catOS/src/cat_time.o
 .debug_aranges
                0x0000000000000208       0x80 output/edf_demo/obj/catOS/src/cat_list.o
 .debug_aranges
                0x0000000000000288       0x28 output/edf_demo/obj/catOS/src/catos.o
 .debug_aranges
                0x00000000000002b0       0x60 output/edf_demo/obj/catOS/src/components/cat_stdio/cat_stdio.o
 .debug_aranges
                0x0000000000000310       0x60 output/edf_demo/obj/catOS/src/components/cat_shell/cat_shell_cmds.o
 .debug_aranges
                0x0000000000000370       0x38 output/edf_demo/obj/catOS/src/components/cat_shell/cat_shell_port.o
 .debug_aranges
                0x00000000000003a8       0x58 output/edf_demo/obj/catOS/src/components/cat_shell/cat_shell.o
 .debug_aranges
                0x0000000000000400       0x30 output/edf_demo/obj/catOS/src/cat_idle.o
 .debug_aranges
                0x0000000000000430       0x68 output/edf_demo/obj/catOS/src/schedule/edf/edf.o
 .debug_aranges
                0x0000000000000498       0xa8 output/edf_demo/obj/catOS/src/cat_task.o
 .debug_aranges
                0x0000000000000540       0x30 output/edf_demo/obj/catOS/user/bsp/board_led/bsp_board_led.o
 .debug_aranges
                0x0000000000000570       0x50 output/edf_demo/obj/catOS/user/bsp/uart/bsp_usart.o
 .debug_aranges
                0x00000000000005c0       0x28 output/edf_demo/obj/catOS/user/main.o
 .debug_aranges
                0x00000000000005e8       0x40 output/edf_demo/obj/catOS/user/app.o
 .debug_aranges
                0x0000000000000628       0x50 output/edf_demo/obj/catOS/user/stm32f1xx_it.o
 .debug_aranges
                0x0000000000000678       0x28 output/edf_demo/obj/catOS/user/system_stm32f1xx.o
 .debug_aranges
                0x00000000000006a0       0x28 output/edf_demo/obj/catOS/user/st_vet6_start.o
 .debug_aranges
                0x00000000000006c8       0x58 output/edf_demo/obj/catOS/Libraries/STM32F1xx_HAL_Driver/Src/stm32f1xx_hal_gpio.o
 .debug_aranges
                0x0000000000000720       0x90 output/edf_demo/obj/catOS/Libraries/STM32F1xx_HAL_Driver/Src/stm32f1xx_hal_rcc.o
 .debug_aranges
                0x00000000000007b0       0xe0 output/edf_demo/obj/catOS/Libraries/STM32F1xx_HAL_Driver/Src/stm32f1xx_hal.o
 .debug_aranges
                0x0000000000000890      0x200 output/edf_demo/obj/catOS/Libraries/STM32F1xx_HAL_Driver/Src/stm32f1xx_hal_uart.o
 .debug_aranges
                0x0000000000000a90      0x100 output/edf_demo/obj/catOS/Libraries/STM32F1xx_HAL_Driver/Src/stm32f1xx_hal_cortex.o
 .debug_aranges
                0x0000000000000b90       0x20 output/edf_demo/obj/catOS/port/arm/stm32f103vet6_hal/port_asm.o
 .debug_aranges
                0x0000000000000bb0       0x68 output/edf_demo/obj/catOS/port/arm/stm32f103vet6_hal/port.o

.debug_ranges   0x0000000000000000      0xa60
 .debug_ranges  0x0000000000000000       0x30 output/edf_demo/obj/catOS/src/cat_lib.o
 .debug_ranges  0x0000000000000030       0x38 output/edf_demo/obj/catOS/src/cat_sem.o
 .debug_ranges  0x0000000000000068       0x40 output/edf_demo/obj/catOS/src/cat_event.o
 .debug_ranges  0x00000000000000a8       0x28 output/edf_demo/obj/catOS/src/support/cat_support.o
 .debug_ranges  0x00000000000000d0       0x30 output/edf_demo/obj/catOS/src/drivers/uart/cat_uart.o
 .debug_ranges  0x0000000000000100       0x58 output/edf_demo/obj/catOS/src/cat_timer.o
 .debug_ranges  0x0000000000000158       0x40 output/edf_demo/obj/catOS/src/cat_time.o
 .debug_ranges  0x0000000000000198       0x70 output/edf_demo/obj/catOS/src/cat_list.o
 .debug_ranges  0x0000000000000208       0x18 output/edf_demo/obj/catOS/src/catos.o
 .debug_ranges  0x0000000000000220       0x50 output/edf_demo/obj/catOS/src/components/cat_stdio/cat_stdio.o
 .debug_ranges  0x0000000000000270       0x50 output/edf_demo/obj/catOS/src/components/cat_shell/cat_shell_cmds.o
 .debug_ranges  0x00000000000002c0       0x28 output/edf_demo/obj/catOS/src/components/cat_shell/cat_shell_port.o
 .debug_ranges  0x00000000000002e8       0x48 output/edf_demo/obj/catOS/src/components/cat_shell/cat_shell.o
 .debug_ranges  0x0000000000000330       0x20 output/edf_demo/obj/catOS/src/cat_idle.o
 .debug_ranges  0x0000000000000350       0x58 output/edf_demo/obj/catOS/src/schedule/edf/edf.o
 .debug_ranges  0x00000000000003a8       0x98 output/edf_demo/obj/catOS/src/cat_task.o
 .debug_ranges  0x0000000000000440       0x20 output/edf_demo/obj/catOS/user/bsp/board_led/bsp_board_led.o
 .debug_ranges  0x0000000000000460       0x40 output/edf_demo/obj/catOS/user/bsp/uart/bsp_usart.o
 .debug_ranges  0x00000000000004a0       0x18 output/edf_demo/obj/catOS/user/main.o
 .debug_ranges  0x00000000000004b8       0x30 output/edf_demo/obj/catOS/user/app.o
 .debug_ranges  0x00000000000004e8       0x40 output/edf_demo/obj/catOS/user/stm32f1xx_it.o
 .debug_ranges  0x0000000000000528       0x18 output/edf_demo/obj/catOS/user/system_stm32f1xx.o
 .debug_ranges  0x0000000000000540       0x20 output/edf_demo/obj/catOS/user/st_vet6_start.o
 .debug_ranges  0x0000000000000560       0x48 output/edf_demo/obj/catOS/Libraries/STM32F1xx_HAL_Driver/Src/stm32f1xx_hal_gpio.o
 .debug_ranges  0x00000000000005a8       0x80 output/edf_demo/obj/catOS/Libraries/STM32F1xx_HAL_Driver/Src/stm32f1xx_hal_rcc.o
 .debug_ranges  0x0000000000000628       0xd0 output/edf_demo/obj/catOS/Libraries/STM32F1xx_HAL_Driver/Src/stm32f1xx_hal.o
 .debug_ranges  0x00000000000006f8      0x220 output/edf_demo/obj/catOS/Libraries/STM32F1xx_HAL_Driver/Src/stm32f1xx_hal_uart.o
 .debug_ranges  0x0000000000000918       0xf0 output/edf_demo/obj/catOS/Libraries/STM32F1xx_HAL_Driver/Src/stm32f1xx_hal_cortex.o
 .debug_ranges  0x0000000000000a08       0x58 output/edf_demo/obj/catOS/port/arm/stm32f103vet6_hal/port.o

.debug_line     0x0000000000000000     0x75f6
 .debug_line    0x0000000000000000      0x241 output/edf_demo/obj/catOS/src/cat_lib.o
 .debug_line    0x0000000000000241      0x2e3 output/edf_demo/obj/catOS/src/cat_sem.o
 .debug_line    0x0000000000000524      0x2fe output/edf_demo/obj/catOS/src/cat_event.o
 .debug_line    0x0000000000000822      0x29f output/edf_demo/obj/catOS/src/support/cat_support.o
 .debug_line    0x0000000000000ac1      0x1d9 output/edf_demo/obj/catOS/src/drivers/uart/cat_uart.o
 .debug_line    0x0000000000000c9a      0x3e0 output/edf_demo/obj/catOS/src/cat_timer.o
 .debug_line    0x000000000000107a      0x274 output/edf_demo/obj/catOS/src/cat_time.o
 .debug_line    0x00000000000012ee      0x390 output/edf_demo/obj/catOS/src/cat_list.o
 .debug_line    0x000000000000167e      0x253 output/edf_demo/obj/catOS/src/catos.o
 .debug_line    0x00000000000018d1      0x486 output/edf_demo/obj/catOS/src/components/cat_stdio/cat_stdio.o
 .debug_line    0x0000000000001d57      0x30d output/edf_demo/obj/catOS/src/components/cat_shell/cat_shell_cmds.o
 .debug_line    0x0000000000002064      0x240 output/edf_demo/obj/catOS/src/components/cat_shell/cat_shell_port.o
 .debug_line    0x00000000000022a4      0x43f output/edf_demo/obj/catOS/src/components/cat_shell/cat_shell.o
 .debug_line    0x00000000000026e3      0x1de output/edf_demo/obj/catOS/src/cat_idle.o
 .debug_line    0x00000000000028c1      0x3af output/edf_demo/obj/catOS/src/schedule/edf/edf.o
 .debug_line    0x0000000000002c70      0x59c output/edf_demo/obj/catOS/src/cat_task.o
 .debug_line    0x000000000000320c      0x258 output/edf_demo/obj/catOS/user/bsp/board_led/bsp_board_led.o
 .debug_line    0x0000000000003464      0x31c output/edf_demo/obj/catOS/user/bsp/uart/bsp_usart.o
 .debug_line    0x0000000000003780      0x273 output/edf_demo/obj/catOS/user/main.o
 .debug_line    0x00000000000039f3      0x2c3 output/edf_demo/obj/catOS/user/app.o
 .debug_line    0x0000000000003cb6      0x103 output/edf_demo/obj/catOS/user/stm32f1xx_it.o
 .debug_line    0x0000000000003db9      0x2b0 output/edf_demo/obj/catOS/user/system_stm32f1xx.o
 .debug_line    0x0000000000004069       0xa2 output/edf_demo/obj/catOS/user/st_vet6_start.o
 .debug_line    0x000000000000410b      0x598 output/edf_demo/obj/catOS/Libraries/STM32F1xx_HAL_Driver/Src/stm32f1xx_hal_gpio.o
 .debug_line    0x00000000000046a3      0x950 output/edf_demo/obj/catOS/Libraries/STM32F1xx_HAL_Driver/Src/stm32f1xx_hal_rcc.o
 .debug_line    0x0000000000004ff3      0x524 output/edf_demo/obj/catOS/Libraries/STM32F1xx_HAL_Driver/Src/stm32f1xx_hal.o
 .debug_line    0x0000000000005517     0x15da output/edf_demo/obj/catOS/Libraries/STM32F1xx_HAL_Driver/Src/stm32f1xx_hal_uart.o
 .debug_line    0x0000000000006af1      0x6a4 output/edf_demo/obj/catOS/Libraries/STM32F1xx_HAL_Driver/Src/stm32f1xx_hal_cortex.o
 .debug_line    0x0000000000007195       0x99 output/edf_demo/obj/catOS/port/arm/stm32f103vet6_hal/port_asm.o
 .debug_line    0x000000000000722e      0x3c8 output/edf_demo/obj/catOS/port/arm/stm32f103vet6_hal/port.o

.debug_str      0x0000000000000000     0x3b24
 .debug_str     0x0000000000000000      0x1f5 output/edf_demo/obj/catOS/src/cat_lib.o
                                        0x251 (size before relaxing)
 .debug_str     0x00000000000001f5      0x370 output/edf_demo/obj/catOS/src/cat_sem.o
                                        0x58e (size before relaxing)
 .debug_str     0x0000000000000565       0xc8 output/edf_demo/obj/catOS/src/cat_event.o
                                        0x56d (size before relaxing)
 .debug_str     0x000000000000062d       0xe4 output/edf_demo/obj/catOS/src/support/cat_support.o
                                        0x242 (size before relaxing)
 .debug_str     0x0000000000000711       0xef output/edf_demo/obj/catOS/src/drivers/uart/cat_uart.o
                                        0x24a (size before relaxing)
 .debug_str     0x0000000000000800      0x276 output/edf_demo/obj/catOS/src/cat_timer.o
                                        0x6a8 (size before relaxing)
 .debug_str     0x0000000000000a76      0x1fd output/edf_demo/obj/catOS/src/cat_time.o
                                        0x5a4 (size before relaxing)
 .debug_str     0x0000000000000c73      0x140 output/edf_demo/obj/catOS/src/cat_list.o
                                        0x303 (size before relaxing)
 .debug_str     0x0000000000000db3       0x86 output/edf_demo/obj/catOS/src/catos.o
                                        0x543 (size before relaxing)
 .debug_str     0x0000000000000e39      0x1eb output/edf_demo/obj/catOS/src/components/cat_stdio/cat_stdio.o
                                        0x36b (size before relaxing)
 .debug_str     0x0000000000001024      0x1c9 output/edf_demo/obj/catOS/src/components/cat_shell/cat_shell_cmds.o
                                        0x4ac (size before relaxing)
 .debug_str     0x00000000000011ed      0x107 output/edf_demo/obj/catOS/src/components/cat_shell/cat_shell_port.o
                                        0x5d7 (size before relaxing)
 .debug_str     0x00000000000012f4      0x10c output/edf_demo/obj/catOS/src/components/cat_shell/cat_shell.o
                                        0x4b5 (size before relaxing)
 .debug_str     0x0000000000001400       0xa4 output/edf_demo/obj/catOS/src/cat_idle.o
                                        0x3d5 (size before relaxing)
 .debug_str     0x00000000000014a4      0x1a4 output/edf_demo/obj/catOS/src/schedule/edf/edf.o
                                        0x497 (size before relaxing)
 .debug_str     0x0000000000001648      0x230 output/edf_demo/obj/catOS/src/cat_task.o
                                        0x745 (size before relaxing)
 .debug_str     0x0000000000001878      0x14d output/edf_demo/obj/catOS/user/bsp/board_led/bsp_board_led.o
                                        0x2a0 (size before relaxing)
 .debug_str     0x00000000000019c5      0x4ad output/edf_demo/obj/catOS/user/bsp/uart/bsp_usart.o
                                        0x6de (size before relaxing)
 .debug_str     0x0000000000001e72      0x1bb output/edf_demo/obj/catOS/user/main.o
                                        0x56b (size before relaxing)
 .debug_str     0x000000000000202d      0x156 output/edf_demo/obj/catOS/user/app.o
                                        0x54b (size before relaxing)
 .debug_str     0x0000000000002183       0xb7 output/edf_demo/obj/catOS/user/stm32f1xx_it.o
                                        0x184 (size before relaxing)
 .debug_str     0x000000000000223a      0x107 output/edf_demo/obj/catOS/user/system_stm32f1xx.o
                                        0x2cf (size before relaxing)
 .debug_str     0x0000000000002341       0x55 output/edf_demo/obj/catOS/user/st_vet6_start.o
                                         0x8c (size before relaxing)
 .debug_str     0x0000000000002396      0x21d output/edf_demo/obj/catOS/Libraries/STM32F1xx_HAL_Driver/Src/stm32f1xx_hal_gpio.o
                                        0x441 (size before relaxing)
 .debug_str     0x00000000000025b3      0x2a8 output/edf_demo/obj/catOS/Libraries/STM32F1xx_HAL_Driver/Src/stm32f1xx_hal_rcc.o
                                        0x645 (size before relaxing)
 .debug_str     0x000000000000285b      0x699 output/edf_demo/obj/catOS/Libraries/STM32F1xx_HAL_Driver/Src/stm32f1xx_hal.o
                                        0x904 (size before relaxing)
 .debug_str     0x0000000000002ef4      0x63c output/edf_demo/obj/catOS/Libraries/STM32F1xx_HAL_Driver/Src/stm32f1xx_hal_uart.o
                                        0xc58 (size before relaxing)
 .debug_str     0x0000000000003530      0x3d7 output/edf_demo/obj/catOS/Libraries/STM32F1xx_HAL_Driver/Src/stm32f1xx_hal_cortex.o
                                        0x9f8 (size before relaxing)
 .debug_str     0x0000000000003907       0xa5 output/edf_demo/obj/catOS/port/arm/stm32f103vet6_hal/port_asm.o
                                         0xb3 (size before relaxing)
 .debug_str     0x00000000000039ac      0x178 output/edf_demo/obj/catOS/port/arm/stm32f103vet6_hal/port.o
                                        0x817 (size before relaxing)

.comment        0x0000000000000000       0x4d
 .comment       0x0000000000000000       0x4d output/edf_demo/obj/catOS/src/cat_lib.o
                                         0x4e (size before relaxing)
 .comment       0x000000000000004d       0x4e output/edf_demo/obj/catOS/src/cat_sem.o
 .comment       0x000000000000004d       0x4e output/edf_demo/obj/catOS/src/cat_event.o
 .comment       0x000000000000004d       0x4e output/edf_demo/obj/catOS/src/support/cat_support.o
 .comment       0x000000000000004d       0x4e output/edf_demo/obj/catOS/src/drivers/uart/cat_uart.o
 .comment       0x000000000000004d       0x4e output/edf_demo/obj/catOS/src/cat_timer.o
 .comment       0x000000000000004d       0x4e output/edf_demo/obj/catOS/src/cat_time.o
 .comment       0x000000000000004d       0x4e output/edf_demo/obj/catOS/src/cat_list.o
 .comment       0x000000000000004d       0x4e output/edf_demo/obj/catOS/src/catos.o
 .comment       0x000000000000004d       0x4e output/edf_demo/obj/catOS/src/components/cat_stdio/cat_stdio.o
 .comment       0x000000000000004d       0x4e output/edf_demo/obj/catOS/src/components/cat_shell/cat_shell_cmds.o
 .comment       0x000000000000004d       0x4e output/edf_demo/obj/catOS/src/components/cat_shell/cat_shell_port.o
 .comment       0x000000000000004d       0x4e output/edf_demo/obj/catOS/src/components/cat_shell/cat_shell.o
 .comment       0x000000000000004d       0x4e output/edf_demo/obj/catOS/src/cat_idle.o
 .comment       0x000000000000004d       0x4e output/edf_demo/obj/catOS/src/schedule/edf/edf.o
 .comment       0x000000000000004d       0x4e output/edf_demo/obj/catOS/src/cat_task.o
 .comment       0x000000000000004d       0x4e output/edf_demo/obj/catOS/user/bsp/board_led/bsp_board_led.o
 .comment       0x000000000000004d       0x4e output/edf_demo/obj/catOS/user/bsp/uart/bsp_usart.o
 .comment       0x000000000000004d       0x4e output/edf_demo/obj/catOS/user/main.o
 .comment       0x000000000000004d       0x4e output/edf_demo/obj/catOS/user/app.o
 .comment       0x000000000000004d       0x4e output/edf_demo/obj/catOS/user/stm32f1xx_it.o
 .comment       0x000000000000004d       0x4e output/edf_demo/obj/catOS/user/system_stm32f1xx.o
 .comment       0x000000000000004d       0x4e output/edf_demo/obj/catOS/Libraries/STM32F1xx_HAL_Driver/Src/stm32f1xx_hal_gpio.o
 .comment       0x000000000000004d       0x4e output/edf_demo/obj/catOS/Libraries/STM32F1xx_HAL_Driver/Src/stm32f1xx_hal_rcc.o
 .comment       0x000000000000004d       0x4e output/edf_demo/obj/catOS/Libraries/STM32F1xx_HAL_Driver/Src/stm32f1xx_hal.o
 .comment       0x000000000000004d       0x4e output/edf_demo/obj/catOS/Libraries/STM32F1xx_HAL_Driver/Src/stm32f1xx_hal_uart.o
 .comment       0x000000000000004d       0x4e output/edf_demo/obj/catOS/Libraries/STM32F1xx_HAL_Driver/Src/stm32f1xx_hal_cortex.o
 .comment       0x000000000000004d       0x4e output/edf_demo/obj/catOS/port/arm/stm32f103vet6_hal/port.o

.debug_frame    0x0000000000000000     0x2b60
 .debug_frame   0x0000000000000000       0xcc output/edf_demo/obj/catOS/src/cat_lib.o
 .debug_frame   0x00000000000000cc       0xe8 output/edf_demo/obj/catOS/src/cat_sem.o
 .debug_frame   0x00000000000001b4      0x10c output/edf_demo/obj/catOS/src/cat_event.o
 .debug_frame   0x00000000000002c0       0xa4 output/edf_demo/obj/catOS/src/support/cat_support.o
 .debug_frame   0x0000000000000364       0xc4 output/edf_demo/obj/catOS/src/drivers/uart/cat_uart.o
 .debug_frame   0x0000000000000428      0x16c output/edf_demo/obj/catOS/src/cat_timer.o
 .debug_frame   0x0000000000000594      0x108 output/edf_demo/obj/catOS/src/cat_time.o
 .debug_frame   0x000000000000069c      0x218 output/edf_demo/obj/catOS/src/cat_list.o
 .debug_frame   0x00000000000008b4       0x50 output/edf_demo/obj/catOS/src/catos.o
 .debug_frame   0x0000000000000904      0x188 output/edf_demo/obj/catOS/src/components/cat_stdio/cat_stdio.o
 .debug_frame   0x0000000000000a8c      0x154 output/edf_demo/obj/catOS/src/components/cat_shell/cat_shell_cmds.o
 .debug_frame   0x0000000000000be0       0x98 output/edf_demo/obj/catOS/src/components/cat_shell/cat_shell_port.o
 .debug_frame   0x0000000000000c78      0x13c output/edf_demo/obj/catOS/src/components/cat_shell/cat_shell.o
 .debug_frame   0x0000000000000db4       0x74 output/edf_demo/obj/catOS/src/cat_idle.o
 .debug_frame   0x0000000000000e28      0x180 output/edf_demo/obj/catOS/src/schedule/edf/edf.o
 .debug_frame   0x0000000000000fa8      0x2a4 output/edf_demo/obj/catOS/src/cat_task.o
 .debug_frame   0x000000000000124c       0x74 output/edf_demo/obj/catOS/user/bsp/board_led/bsp_board_led.o
 .debug_frame   0x00000000000012c0      0x104 output/edf_demo/obj/catOS/user/bsp/uart/bsp_usart.o
 .debug_frame   0x00000000000013c4       0x50 output/edf_demo/obj/catOS/user/main.o
 .debug_frame   0x0000000000001414       0xbc output/edf_demo/obj/catOS/user/app.o
 .debug_frame   0x00000000000014d0       0xd0 output/edf_demo/obj/catOS/user/stm32f1xx_it.o
 .debug_frame   0x00000000000015a0       0x58 output/edf_demo/obj/catOS/user/system_stm32f1xx.o
 .debug_frame   0x00000000000015f8      0x14c output/edf_demo/obj/catOS/Libraries/STM32F1xx_HAL_Driver/Src/stm32f1xx_hal_gpio.o
 .debug_frame   0x0000000000001744      0x21c output/edf_demo/obj/catOS/Libraries/STM32F1xx_HAL_Driver/Src/stm32f1xx_hal_rcc.o
 .debug_frame   0x0000000000001960      0x334 output/edf_demo/obj/catOS/Libraries/STM32F1xx_HAL_Driver/Src/stm32f1xx_hal.o
 .debug_frame   0x0000000000001c94      0x914 output/edf_demo/obj/catOS/Libraries/STM32F1xx_HAL_Driver/Src/stm32f1xx_hal_uart.o
 .debug_frame   0x00000000000025a8      0x428 output/edf_demo/obj/catOS/Libraries/STM32F1xx_HAL_Driver/Src/stm32f1xx_hal_cortex.o
 .debug_frame   0x00000000000029d0      0x170 output/edf_demo/obj/catOS/port/arm/stm32f103vet6_hal/port.o
 .debug_frame   0x0000000000002b40       0x20 /home/mio/Desktop/catos/workspace/gcc-arm-none-eabi-10-2020-q4-major/bin/../lib/gcc/arm-none-eabi/10.2.1/../../../../arm-none-eabi/lib/thumb/nofp/libc_nano.a(lib_a-memset.o)

Cross Reference Table

Symbol                                            File
ADC1_2_IRQHandler                                 output/edf_demo/obj/catOS/user/st_vet6_start.o
ADC3_IRQHandler                                   output/edf_demo/obj/catOS/user/st_vet6_start.o
AHBPrescTable                                     output/edf_demo/obj/catOS/user/system_stm32f1xx.o
                                                  output/edf_demo/obj/catOS/Libraries/STM32F1xx_HAL_Driver/Src/stm32f1xx_hal_rcc.o
APBPrescTable                                     output/edf_demo/obj/catOS/user/system_stm32f1xx.o
                                                  output/edf_demo/obj/catOS/Libraries/STM32F1xx_HAL_Driver/Src/stm32f1xx_hal_rcc.o
BMP1                                              output/edf_demo/obj/catOS/user/app.o
BMP2                                              output/edf_demo/obj/catOS/user/app.o
BusFault_Handler                                  output/edf_demo/obj/catOS/user/stm32f1xx_it.o
CAN1_RX1_IRQHandler                               output/edf_demo/obj/catOS/user/st_vet6_start.o
CAN1_SCE_IRQHandler                               output/edf_demo/obj/catOS/user/st_vet6_start.o
DMA1_Channel1_IRQHandler                          output/edf_demo/obj/catOS/user/st_vet6_start.o
DMA1_Channel2_IRQHandler                          output/edf_demo/obj/catOS/user/st_vet6_start.o
DMA1_Channel3_IRQHandler                          output/edf_demo/obj/catOS/user/st_vet6_start.o
DMA1_Channel4_IRQHandler                          output/edf_demo/obj/catOS/user/st_vet6_start.o
DMA1_Channel5_IRQHandler                          output/edf_demo/obj/catOS/user/st_vet6_start.o
DMA1_Channel6_IRQHandler                          output/edf_demo/obj/catOS/user/st_vet6_start.o
DMA1_Channel7_IRQHandler                          output/edf_demo/obj/catOS/user/st_vet6_start.o
DMA2_Channel1_IRQHandler                          output/edf_demo/obj/catOS/user/st_vet6_start.o
DMA2_Channel2_IRQHandler                          output/edf_demo/obj/catOS/user/st_vet6_start.o
DMA2_Channel3_IRQHandler                          output/edf_demo/obj/catOS/user/st_vet6_start.o
DMA2_Channel4_5_IRQHandler                        output/edf_demo/obj/catOS/user/st_vet6_start.o
DebugMon_Handler                                  output/edf_demo/obj/catOS/user/stm32f1xx_it.o
Default_Handler                                   output/edf_demo/obj/catOS/user/st_vet6_start.o
EXTI0_IRQHandler                                  output/edf_demo/obj/catOS/user/st_vet6_start.o
EXTI15_10_IRQHandler                              output/edf_demo/obj/catOS/user/st_vet6_start.o
EXTI1_IRQHandler                                  output/edf_demo/obj/catOS/user/st_vet6_start.o
EXTI2_IRQHandler                                  output/edf_demo/obj/catOS/user/st_vet6_start.o
EXTI3_IRQHandler                                  output/edf_demo/obj/catOS/user/st_vet6_start.o
EXTI4_IRQHandler                                  output/edf_demo/obj/catOS/user/st_vet6_start.o
EXTI9_5_IRQHandler                                output/edf_demo/obj/catOS/user/st_vet6_start.o
FLASH_IRQHandler                                  output/edf_demo/obj/catOS/user/st_vet6_start.o
FLASH_PageErase                                   output/edf_demo/obj/catOS/Libraries/STM32F1xx_HAL_Driver/Src/stm32f1xx_hal_flash_ex.o
                                                  output/edf_demo/obj/catOS/Libraries/STM32F1xx_HAL_Driver/Src/stm32f1xx_hal_flash.o
FLASH_WaitForLastOperation                        output/edf_demo/obj/catOS/Libraries/STM32F1xx_HAL_Driver/Src/stm32f1xx_hal_flash.o
                                                  output/edf_demo/obj/catOS/Libraries/STM32F1xx_HAL_Driver/Src/stm32f1xx_hal_flash_ex.o
FSMC_IRQHandler                                   output/edf_demo/obj/catOS/user/st_vet6_start.o
HAL_DBGMCU_DisableDBGSleepMode                    output/edf_demo/obj/catOS/Libraries/STM32F1xx_HAL_Driver/Src/stm32f1xx_hal.o
HAL_DBGMCU_DisableDBGStandbyMode                  output/edf_demo/obj/catOS/Libraries/STM32F1xx_HAL_Driver/Src/stm32f1xx_hal.o
HAL_DBGMCU_DisableDBGStopMode                     output/edf_demo/obj/catOS/Libraries/STM32F1xx_HAL_Driver/Src/stm32f1xx_hal.o
HAL_DBGMCU_EnableDBGSleepMode                     output/edf_demo/obj/catOS/Libraries/STM32F1xx_HAL_Driver/Src/stm32f1xx_hal.o
HAL_DBGMCU_EnableDBGStandbyMode                   output/edf_demo/obj/catOS/Libraries/STM32F1xx_HAL_Driver/Src/stm32f1xx_hal.o
HAL_DBGMCU_EnableDBGStopMode                      output/edf_demo/obj/catOS/Libraries/STM32F1xx_HAL_Driver/Src/stm32f1xx_hal.o
HAL_DMA_Abort                                     output/edf_demo/obj/catOS/Libraries/STM32F1xx_HAL_Driver/Src/stm32f1xx_hal_dma.o
                                                  output/edf_demo/obj/catOS/Libraries/STM32F1xx_HAL_Driver/Src/stm32f1xx_hal_uart.o
HAL_DMA_Abort_IT                                  output/edf_demo/obj/catOS/Libraries/STM32F1xx_HAL_Driver/Src/stm32f1xx_hal_dma.o
                                                  output/edf_demo/obj/catOS/Libraries/STM32F1xx_HAL_Driver/Src/stm32f1xx_hal_uart.o
HAL_DMA_DeInit                                    output/edf_demo/obj/catOS/Libraries/STM32F1xx_HAL_Driver/Src/stm32f1xx_hal_dma.o
HAL_DMA_GetError                                  output/edf_demo/obj/catOS/Libraries/STM32F1xx_HAL_Driver/Src/stm32f1xx_hal_dma.o
                                                  output/edf_demo/obj/catOS/Libraries/STM32F1xx_HAL_Driver/Src/stm32f1xx_hal_uart.o
HAL_DMA_GetState                                  output/edf_demo/obj/catOS/Libraries/STM32F1xx_HAL_Driver/Src/stm32f1xx_hal_dma.o
HAL_DMA_IRQHandler                                output/edf_demo/obj/catOS/Libraries/STM32F1xx_HAL_Driver/Src/stm32f1xx_hal_dma.o
HAL_DMA_Init                                      output/edf_demo/obj/catOS/Libraries/STM32F1xx_HAL_Driver/Src/stm32f1xx_hal_dma.o
HAL_DMA_PollForTransfer                           output/edf_demo/obj/catOS/Libraries/STM32F1xx_HAL_Driver/Src/stm32f1xx_hal_dma.o
HAL_DMA_RegisterCallback                          output/edf_demo/obj/catOS/Libraries/STM32F1xx_HAL_Driver/Src/stm32f1xx_hal_dma.o
HAL_DMA_Start                                     output/edf_demo/obj/catOS/Libraries/STM32F1xx_HAL_Driver/Src/stm32f1xx_hal_dma.o
HAL_DMA_Start_IT                                  output/edf_demo/obj/catOS/Libraries/STM32F1xx_HAL_Driver/Src/stm32f1xx_hal_dma.o
                                                  output/edf_demo/obj/catOS/Libraries/STM32F1xx_HAL_Driver/Src/stm32f1xx_hal_uart.o
HAL_DMA_UnRegisterCallback                        output/edf_demo/obj/catOS/Libraries/STM32F1xx_HAL_Driver/Src/stm32f1xx_hal_dma.o
HAL_DeInit                                        output/edf_demo/obj/catOS/Libraries/STM32F1xx_HAL_Driver/Src/stm32f1xx_hal.o
HAL_Delay                                         output/edf_demo/obj/catOS/Libraries/STM32F1xx_HAL_Driver/Src/stm32f1xx_hal.o
HAL_FLASHEx_Erase                                 output/edf_demo/obj/catOS/Libraries/STM32F1xx_HAL_Driver/Src/stm32f1xx_hal_flash_ex.o
HAL_FLASHEx_Erase_IT                              output/edf_demo/obj/catOS/Libraries/STM32F1xx_HAL_Driver/Src/stm32f1xx_hal_flash_ex.o
HAL_FLASHEx_OBErase                               output/edf_demo/obj/catOS/Libraries/STM32F1xx_HAL_Driver/Src/stm32f1xx_hal_flash_ex.o
HAL_FLASHEx_OBGetConfig                           output/edf_demo/obj/catOS/Libraries/STM32F1xx_HAL_Driver/Src/stm32f1xx_hal_flash_ex.o
HAL_FLASHEx_OBGetUserData                         output/edf_demo/obj/catOS/Libraries/STM32F1xx_HAL_Driver/Src/stm32f1xx_hal_flash_ex.o
HAL_FLASHEx_OBProgram                             output/edf_demo/obj/catOS/Libraries/STM32F1xx_HAL_Driver/Src/stm32f1xx_hal_flash_ex.o
HAL_FLASH_EndOfOperationCallback                  output/edf_demo/obj/catOS/Libraries/STM32F1xx_HAL_Driver/Src/stm32f1xx_hal_flash.o
HAL_FLASH_GetError                                output/edf_demo/obj/catOS/Libraries/STM32F1xx_HAL_Driver/Src/stm32f1xx_hal_flash.o
HAL_FLASH_IRQHandler                              output/edf_demo/obj/catOS/Libraries/STM32F1xx_HAL_Driver/Src/stm32f1xx_hal_flash.o
HAL_FLASH_Lock                                    output/edf_demo/obj/catOS/Libraries/STM32F1xx_HAL_Driver/Src/stm32f1xx_hal_flash.o
HAL_FLASH_OB_Launch                               output/edf_demo/obj/catOS/Libraries/STM32F1xx_HAL_Driver/Src/stm32f1xx_hal_flash.o
HAL_FLASH_OB_Lock                                 output/edf_demo/obj/catOS/Libraries/STM32F1xx_HAL_Driver/Src/stm32f1xx_hal_flash.o
HAL_FLASH_OB_Unlock                               output/edf_demo/obj/catOS/Libraries/STM32F1xx_HAL_Driver/Src/stm32f1xx_hal_flash.o
HAL_FLASH_OperationErrorCallback                  output/edf_demo/obj/catOS/Libraries/STM32F1xx_HAL_Driver/Src/stm32f1xx_hal_flash.o
HAL_FLASH_Program                                 output/edf_demo/obj/catOS/Libraries/STM32F1xx_HAL_Driver/Src/stm32f1xx_hal_flash.o
HAL_FLASH_Program_IT                              output/edf_demo/obj/catOS/Libraries/STM32F1xx_HAL_Driver/Src/stm32f1xx_hal_flash.o
HAL_FLASH_Unlock                                  output/edf_demo/obj/catOS/Libraries/STM32F1xx_HAL_Driver/Src/stm32f1xx_hal_flash.o
HAL_GPIOEx_ConfigEventout                         output/edf_demo/obj/catOS/Libraries/STM32F1xx_HAL_Driver/Src/stm32f1xx_hal_gpio_ex.o
HAL_GPIOEx_DisableEventout                        output/edf_demo/obj/catOS/Libraries/STM32F1xx_HAL_Driver/Src/stm32f1xx_hal_gpio_ex.o
HAL_GPIOEx_EnableEventout                         output/edf_demo/obj/catOS/Libraries/STM32F1xx_HAL_Driver/Src/stm32f1xx_hal_gpio_ex.o
HAL_GPIO_DeInit                                   output/edf_demo/obj/catOS/Libraries/STM32F1xx_HAL_Driver/Src/stm32f1xx_hal_gpio.o
HAL_GPIO_EXTI_Callback                            output/edf_demo/obj/catOS/Libraries/STM32F1xx_HAL_Driver/Src/stm32f1xx_hal_gpio.o
HAL_GPIO_EXTI_IRQHandler                          output/edf_demo/obj/catOS/Libraries/STM32F1xx_HAL_Driver/Src/stm32f1xx_hal_gpio.o
HAL_GPIO_Init                                     output/edf_demo/obj/catOS/Libraries/STM32F1xx_HAL_Driver/Src/stm32f1xx_hal_gpio.o
                                                  output/edf_demo/obj/catOS/Libraries/STM32F1xx_HAL_Driver/Src/stm32f1xx_hal_rcc.o
                                                  output/edf_demo/obj/catOS/user/bsp/uart/bsp_usart.o
                                                  output/edf_demo/obj/catOS/user/bsp/lcd/oled.o
                                                  output/edf_demo/obj/catOS/user/bsp/board_led/bsp_board_led.o
HAL_GPIO_LockPin                                  output/edf_demo/obj/catOS/Libraries/STM32F1xx_HAL_Driver/Src/stm32f1xx_hal_gpio.o
HAL_GPIO_ReadPin                                  output/edf_demo/obj/catOS/Libraries/STM32F1xx_HAL_Driver/Src/stm32f1xx_hal_gpio.o
HAL_GPIO_TogglePin                                output/edf_demo/obj/catOS/Libraries/STM32F1xx_HAL_Driver/Src/stm32f1xx_hal_gpio.o
HAL_GPIO_WritePin                                 output/edf_demo/obj/catOS/Libraries/STM32F1xx_HAL_Driver/Src/stm32f1xx_hal_gpio.o
                                                  output/edf_demo/obj/catOS/user/bsp/lcd/oled.o
HAL_GetDEVID                                      output/edf_demo/obj/catOS/Libraries/STM32F1xx_HAL_Driver/Src/stm32f1xx_hal.o
HAL_GetHalVersion                                 output/edf_demo/obj/catOS/Libraries/STM32F1xx_HAL_Driver/Src/stm32f1xx_hal.o
HAL_GetREVID                                      output/edf_demo/obj/catOS/Libraries/STM32F1xx_HAL_Driver/Src/stm32f1xx_hal.o
HAL_GetTick                                       output/edf_demo/obj/catOS/Libraries/STM32F1xx_HAL_Driver/Src/stm32f1xx_hal.o
                                                  output/edf_demo/obj/catOS/Libraries/STM32F1xx_HAL_Driver/Src/stm32f1xx_hal_uart.o
                                                  output/edf_demo/obj/catOS/Libraries/STM32F1xx_HAL_Driver/Src/stm32f1xx_hal_rcc_ex.o
                                                  output/edf_demo/obj/catOS/Libraries/STM32F1xx_HAL_Driver/Src/stm32f1xx_hal_dma.o
                                                  output/edf_demo/obj/catOS/Libraries/STM32F1xx_HAL_Driver/Src/stm32f1xx_hal_rcc.o
                                                  output/edf_demo/obj/catOS/Libraries/STM32F1xx_HAL_Driver/Src/stm32f1xx_hal_flash.o
HAL_GetTickFreq                                   output/edf_demo/obj/catOS/Libraries/STM32F1xx_HAL_Driver/Src/stm32f1xx_hal.o
HAL_GetTickPrio                                   output/edf_demo/obj/catOS/Libraries/STM32F1xx_HAL_Driver/Src/stm32f1xx_hal.o
HAL_GetUIDw0                                      output/edf_demo/obj/catOS/Libraries/STM32F1xx_HAL_Driver/Src/stm32f1xx_hal.o